
 Start         Length     Name                   Class
 0001:00000000 000C7864H .text                   CODE
 0002:00000000 00002968H .data                   DATA
 0002:00002968 000013A5H .bss                    BSS


Detailed map of segments

 0001:00000000 000055C7 C=CODE     S=.text    G=(none)   M=System   ACBP=A9
 0001:000055C8 00000140 C=CODE     S=.text    G=(none)   M=SysInit  ACBP=A9
 0001:00005708 000000BC C=CODE     S=.text    G=(none)   M=Types    ACBP=A9
 0001:000057C4 00000E20 C=CODE     S=.text    G=(none)   M=Windows  ACBP=A9
 0001:000065E4 00000038 C=CODE     S=.text    G=(none)   M=Messages ACBP=A9
 0001:0000661C 00000378 C=CODE     S=.text    G=(none)   M=SysConst ACBP=A9
 0001:00006994 000072CC C=CODE     S=.text    G=(none)   M=SysUtils ACBP=A9
 0001:0000DC60 00000823 C=CODE     S=.text    G=(none)   M=VarUtils ACBP=A9
 0001:0000E484 00008206 C=CODE     S=.text    G=(none)   M=Variants ACBP=A9
 0001:0001668C 00000170 C=CODE     S=.text    G=(none)   M=RTLConsts ACBP=A9
 0001:000167FC 0000192C C=CODE     S=.text    G=(none)   M=TypInfo  ACBP=A9
 0001:00018128 000000B8 C=CODE     S=.text    G=(none)   M=ActiveX  ACBP=A9
 0001:000181E0 0000D1AE C=CODE     S=.text    G=(none)   M=Classes  ACBP=A9
 0001:00025390 00000308 C=CODE     S=.text    G=(none)   M=Consts   ACBP=A9
 0001:00025698 00008EC7 C=CODE     S=.text    G=(none)   M=Graphics ACBP=A9
 0001:0002E560 00000048 C=CODE     S=.text    G=(none)   M=Math     ACBP=A9
 0001:0002E5A8 00000564 C=CODE     S=.text    G=(none)   M=Contnrs  ACBP=A9
 0001:0002EB0C 000005D0 C=CODE     S=.text    G=(none)   M=CommCtrl ACBP=A9
 0001:0002F0DC 00000787 C=CODE     S=.text    G=(none)   M=MultiMon ACBP=A9
 0001:0002F864 00000038 C=CODE     S=.text    G=(none)   M=Imm      ACBP=A9
 0001:0002F89C 00000FF8 C=CODE     S=.text    G=(none)   M=HelpIntfs ACBP=A9
 0001:00030894 00000038 C=CODE     S=.text    G=(none)   M=WinSpool ACBP=A9
 0001:000308CC 00000044 C=CODE     S=.text    G=(none)   M=Printers ACBP=A9
 0001:00030910 0000031F C=CODE     S=.text    G=(none)   M=FlatSB   ACBP=A9
 0001:00030C30 000001A4 C=CODE     S=.text    G=(none)   M=SyncObjs ACBP=A9
 0001:00030DD4 000009BB C=CODE     S=.text    G=(none)   M=UxTheme  ACBP=A9
 0001:00031790 00000038 C=CODE     S=.text    G=(none)   M=RichEdit ACBP=A9
 0001:000317C8 00000038 C=CODE     S=.text    G=(none)   M=ToolWin  ACBP=A9
 0001:00031800 00000068 C=CODE     S=.text    G=(none)   M=ShellAPI ACBP=A9
 0001:00031868 00000038 C=CODE     S=.text    G=(none)   M=RegStr   ACBP=A9
 0001:000318A0 00000038 C=CODE     S=.text    G=(none)   M=WinInet  ACBP=A9
 0001:000318D8 00000038 C=CODE     S=.text    G=(none)   M=UrlMon   ACBP=A9
 0001:00031910 00000130 C=CODE     S=.text    G=(none)   M=ShlObj   ACBP=A9
 0001:00031A40 00000040 C=CODE     S=.text    G=(none)   M=CommDlg  ACBP=A9
 0001:00031A80 00000038 C=CODE     S=.text    G=(none)   M=Dlgs     ACBP=A9
 0001:00031AB8 00002349 C=CODE     S=.text    G=(none)   M=Dialogs  ACBP=A9
 0001:00033E04 0000399A C=CODE     S=.text    G=(none)   M=ExtCtrls ACBP=A9
 0001:000377A0 00000088 C=CODE     S=.text    G=(none)   M=ComStrs  ACBP=A9
 0001:00037828 00000094 C=CODE     S=.text    G=(none)   M=Clipbrd  ACBP=A9
 0001:000378BC 000000A4 C=CODE     S=.text    G=(none)   M=StrUtils ACBP=A9
 0001:00037960 00003821 C=CODE     S=.text    G=(none)   M=Buttons  ACBP=A9
 0001:0003B184 00000038 C=CODE     S=.text    G=(none)   M=ExtDlgs  ACBP=A9
 0001:0003B1BC 00001014 C=CODE     S=.text    G=(none)   M=IniFiles ACBP=A9
 0001:0003C1D0 000007D0 C=CODE     S=.text    G=(none)   M=Registry ACBP=A9
 0001:0003C9A0 0000006C C=CODE     S=.text    G=(none)   M=Mapi     ACBP=A9
 0001:0003CA0C 00000058 C=CODE     S=.text    G=(none)   M=ExtActns ACBP=A9
 0001:0003CA64 00001C44 C=CODE     S=.text    G=(none)   M=ListActns ACBP=A9
 0001:0003E6A8 0000DA14 C=CODE     S=.text    G=(none)   M=ComCtrls ACBP=A9
 0001:0004C0BC 00000D40 C=CODE     S=.text    G=(none)   M=Themes   ACBP=A9
 0001:0004CDFC 0000C660 C=CODE     S=.text    G=(none)   M=StdCtrls ACBP=A9
 0001:0005945C 00000168 C=CODE     S=.text    G=(none)   M=StdActns ACBP=A9
 0001:000595C4 00000D1F C=CODE     S=.text    G=(none)   M=WinHelpViewer ACBP=A9
 0001:0005A2E4 0001127F C=CODE     S=.text    G=(none)   M=Controls ACBP=A9
 0001:0006B564 00001326 C=CODE     S=.text    G=(none)   M=ActnList ACBP=A9
 0001:0006C88C 00001BE8 C=CODE     S=.text    G=(none)   M=ImgList  ACBP=A9
 0001:0006E474 00006639 C=CODE     S=.text    G=(none)   M=Menus    ACBP=A9
 0001:00074AB0 0000C4E8 C=CODE     S=.text    G=(none)   M=Forms    ACBP=A9
 0001:00080F98 00000040 C=CODE     S=.text    G=(none)   M=SHFolder ACBP=A9
 0001:00080FD8 00000058 C=CODE     S=.text    G=(none)   M=ComConst ACBP=A9
 0001:00081030 00000E9D C=CODE     S=.text    G=(none)   M=ComObj   ACBP=A9
 0001:00081ED0 00000038 C=CODE     S=.text    G=(none)   M=MaskUtils ACBP=A9
 0001:00081F08 00000038 C=CODE     S=.text    G=(none)   M=Mask     ACBP=A9
 0001:00081F40 00000038 C=CODE     S=.text    G=(none)   M=MMSystem ACBP=A9
 0001:00081F78 00000038 C=CODE     S=.text    G=(none)   M=SVATimer ACBP=A9
 0001:00081FB0 00000038 C=CODE     S=.text    G=(none)   M=Grids    ACBP=A9
 0001:00081FE8 00000070 C=CODE     S=.text    G=(none)   M=DateUtils ACBP=A9
 0001:00082058 00000058 C=CODE     S=.text    G=(none)   M=DBConsts ACBP=A9
 0001:000820B0 00000E13 C=CODE     S=.text    G=(none)   M=SqlTimSt ACBP=A9
 0001:00082EC4 000035FF C=CODE     S=.text    G=(none)   M=FMTBcd   ACBP=A9
 0001:000864C4 00000534 C=CODE     S=.text    G=(none)   M=DB       ACBP=A9
 0001:000869F8 00000090 C=CODE     S=.text    G=(none)   M=VDBConsts ACBP=A9
 0001:00086A88 00000728 C=CODE     S=.text    G=(none)   M=DBLogDlg ACBP=A9
 0001:000871B0 00000531 C=CODE     S=.text    G=(none)   M=DBPWDlg  ACBP=A9
 0001:000876E4 00000304 C=CODE     S=.text    G=(none)   M=DBCtrls  ACBP=A9
 0001:000879E8 00000038 C=CODE     S=.text    G=(none)   M=Ctrl_sup ACBP=A9
 0001:00087A20 00000250 C=CODE     S=.text    G=(none)   M=Alert    ACBP=A9
 0001:00087C70 00000E84 C=CODE     S=.text    G=(none)   M=bbUtils  ACBP=A9
 0001:00088AF4 00000038 C=CODE     S=.text    G=(none)   M=ShellConsts ACBP=A9
 0001:00088B2C 000004E0 C=CODE     S=.text    G=(none)   M=ShellCtrls ACBP=A9
 0001:0008900C 00000DA4 C=CODE     S=.text    G=(none)   M=ShelBrow ACBP=A9
 0001:00089DB0 0000043F C=CODE     S=.text    G=(none)   M=janStrings ACBP=A9
 0001:0008A1F0 00000038 C=CODE     S=.text    G=(none)   M=janXPathTokenizer ACBP=A9
 0001:0008A228 00001930 C=CODE     S=.text    G=(none)   M=janXMLParser2 ACBP=A9
 0001:0008BB58 000005BC C=CODE     S=.text    G=(none)   M=files1   ACBP=A9
 0001:0008C114 00001D98 C=CODE     S=.text    G=(none)   M=WinVer   ACBP=A9
 0001:0008DEAC 00000235 C=CODE     S=.text    G=(none)   M=OneInst32 ACBP=A9
 0001:0008E0E4 00000A80 C=CODE     S=.text    G=(none)   M=verResU  ACBP=A9
 0001:0008EB64 00000F7F C=CODE     S=.text    G=(none)   M=AppEvnts ACBP=A9
 0001:0008FAE4 00000410 C=CODE     S=.text    G=(none)   M=save1    ACBP=A9
 0001:0008FEF4 0000060C C=CODE     S=.text    G=(none)   M=about    ACBP=A9
 0001:00090500 000000B0 C=CODE     S=.text    G=(none)   M=OverbyteIcsTypes ACBP=A9
 0001:000905B0 00000360 C=CODE     S=.text    G=(none)   M=OverbyteIcsLibrary ACBP=A9
 0001:00090910 000005EC C=CODE     S=.text    G=(none)   M=OverbyteIcsUtils ACBP=A9
 0001:00090EFC 00000CF8 C=CODE     S=.text    G=(none)   M=OverbyteIcsThreadTimer ACBP=A9
 0001:00091BF4 00001671 C=CODE     S=.text    G=(none)   M=OverbyteIcsWndControl ACBP=A9
 0001:00093268 00000038 C=CODE     S=.text    G=(none)   M=WinSock  ACBP=A9
 0001:000932A0 00000038 C=CODE     S=.text    G=(none)   M=OverbyteIcsWinSock ACBP=A9
 0001:000932D8 000007AC C=CODE     S=.text    G=(none)   M=OverbyteIcsWSockBuf ACBP=A9
 0001:00093A84 00000A30 C=CODE     S=.text    G=(none)   M=OverbyteIcsLogger ACBP=A9
 0001:000944B4 000007E8 C=CODE     S=.text    G=(none)   M=Masks    ACBP=A9
 0001:00094C9C 00001BC0 C=CODE     S=.text    G=(none)   M=OverbyteIcsSSLEAY ACBP=A9
 0001:0009685C 00002BC0 C=CODE     S=.text    G=(none)   M=OverbyteIcsLIBEAY ACBP=A9
 0001:0009941C 00014F9F C=CODE     S=.text    G=(none)   M=OverbyteIcsWSocket ACBP=A9
 0001:000AE3BC 0000286A C=CODE     S=.text    G=(none)   M=OverbyteIcsCharsetUtils ACBP=A9
 0001:000B0C28 00000038 C=CODE     S=.text    G=(none)   M=OverbyteIcsMLang ACBP=A9
 0001:000B0C60 00000038 C=CODE     S=.text    G=(none)   M=OverbyteIcsCsc ACBP=A9
 0001:000B0C98 00000038 C=CODE     S=.text    G=(none)   M=OverbyteIcsStreams ACBP=A9
 0001:000B0CD0 0000033C C=CODE     S=.text    G=(none)   M=OverbyteIcsMimeUtils ACBP=A9
 0001:000B100C 00000B5C C=CODE     S=.text    G=(none)   M=OverbyteIcsMD5 ACBP=A9
 0001:000B1B68 00000AD7 C=CODE     S=.text    G=(none)   M=OverbyteIcsDigestAuth ACBP=A9
 0001:000B2640 0000081C C=CODE     S=.text    G=(none)   M=OverbyteIcsUrl ACBP=A9
 0001:000B2E5C 00000D00 C=CODE     S=.text    G=(none)   M=OverbyteIcsHttpContCod ACBP=A9
 0001:000B3B5C 0000093C C=CODE     S=.text    G=(none)   M=OverbyteIcsMD4 ACBP=A9
 0001:000B4498 0000046C C=CODE     S=.text    G=(none)   M=OverbyteIcsDES ACBP=A9
 0001:000B4904 00000A1C C=CODE     S=.text    G=(none)   M=OverbyteIcsNtlmMsgs ACBP=A9
 0001:000B5320 00008B20 C=CODE     S=.text    G=(none)   M=OverbyteIcsHttpProt ACBP=A9
 0001:000BDE40 00000458 C=CODE     S=.text    G=(none)   M=ChkNewVer ACBP=A9
 0001:000BE298 00000448 C=CODE     S=.text    G=(none)   M=prefs1   ACBP=A9
 0001:000BE6E0 00000838 C=CODE     S=.text    G=(none)   M=Property1 ACBP=A9
 0001:000BEF18 0000024C C=CODE     S=.text    G=(none)   M=opengroup1 ACBP=A9
 0001:000BF164 0000029C C=CODE     S=.text    G=(none)   M=LoadConf1 ACBP=A9
 0001:000BF400 00007F84 C=CODE     S=.text    G=(none)   M=programmgr1 ACBP=A9
 0001:000C7384 000004DE C=CODE     S=.text    G=(none)   M=ProgramGrpMgr ACBP=A9
 0002:00000000 000000A0 C=DATA     S=.data    G=DGROUP   M=System   ACBP=A9
 0002:000000A0 00000020 C=DATA     S=.data    G=DGROUP   M=SysInit  ACBP=A9
 0002:000000C0 00000254 C=DATA     S=.data    G=DGROUP   M=SysUtils ACBP=A9
 0002:00000314 00000110 C=DATA     S=.data    G=DGROUP   M=VarUtils ACBP=A9
 0002:00000424 0000013A C=DATA     S=.data    G=DGROUP   M=Variants ACBP=A9
 0002:00000560 0000000C C=DATA     S=.data    G=DGROUP   M=TypInfo  ACBP=A9
 0002:0000056C 00000010 C=DATA     S=.data    G=DGROUP   M=ActiveX  ACBP=A9
 0002:0000057C 000000E4 C=DATA     S=.data    G=DGROUP   M=Classes  ACBP=A9
 0002:00000660 00000304 C=DATA     S=.data    G=DGROUP   M=Graphics ACBP=A9
 0002:00000964 00000004 C=DATA     S=.data    G=DGROUP   M=Printers ACBP=A9
 0002:00000968 00000020 C=DATA     S=.data    G=DGROUP   M=ShlObj   ACBP=A9
 0002:00000988 00000114 C=DATA     S=.data    G=DGROUP   M=Dialogs  ACBP=A9
 0002:00000A9C 0000018C C=DATA     S=.data    G=DGROUP   M=ExtCtrls ACBP=A9
 0002:00000C28 0000009E C=DATA     S=.data    G=DGROUP   M=Buttons  ACBP=A9
 0002:00000CC8 00000008 C=DATA     S=.data    G=DGROUP   M=IniFiles ACBP=A9
 0002:00000CD0 00000008 C=DATA     S=.data    G=DGROUP   M=Registry ACBP=A9
 0002:00000CD8 00000008 C=DATA     S=.data    G=DGROUP   M=Mapi     ACBP=A9
 0002:00000CE0 00000140 C=DATA     S=.data    G=DGROUP   M=ComCtrls ACBP=A9
 0002:00000E20 00000068 C=DATA     S=.data    G=DGROUP   M=Themes   ACBP=A9
 0002:00000E88 00000154 C=DATA     S=.data    G=DGROUP   M=StdCtrls ACBP=A9
 0002:00000FDC 0000013C C=DATA     S=.data    G=DGROUP   M=Controls ACBP=A9
 0002:00001118 00000020 C=DATA     S=.data    G=DGROUP   M=ImgList  ACBP=A9
 0002:00001138 000000EC C=DATA     S=.data    G=DGROUP   M=Menus    ACBP=A9
 0002:00001224 0000011C C=DATA     S=.data    G=DGROUP   M=Forms    ACBP=A9
 0002:00001340 00000030 C=DATA     S=.data    G=DGROUP   M=ComObj   ACBP=A9
 0002:00001370 0000003C C=DATA     S=.data    G=DGROUP   M=SqlTimSt ACBP=A9
 0002:000013AC 0000003A C=DATA     S=.data    G=DGROUP   M=FMTBcd   ACBP=A9
 0002:000013E8 00000098 C=DATA     S=.data    G=DGROUP   M=DB       ACBP=A9
 0002:00001480 00000028 C=DATA     S=.data    G=DGROUP   M=DBCtrls  ACBP=A9
 0002:000014A8 00000010 C=DATA     S=.data    G=DGROUP   M=bbUtils  ACBP=A9
 0002:000014B8 00000068 C=DATA     S=.data    G=DGROUP   M=ShellCtrls ACBP=A9
 0002:00001520 00000018 C=DATA     S=.data    G=DGROUP   M=ShelBrow ACBP=A9
 0002:00001538 0000004C C=DATA     S=.data    G=DGROUP   M=janStrings ACBP=A9
 0002:00001584 0000000C C=DATA     S=.data    G=DGROUP   M=files1   ACBP=A9
 0002:00001590 00000210 C=DATA     S=.data    G=DGROUP   M=WinVer   ACBP=A9
 0002:000017A0 00000004 C=DATA     S=.data    G=DGROUP   M=AppEvnts ACBP=A9
 0002:000017A4 00000004 C=DATA     S=.data    G=DGROUP   M=OverbyteIcsTypes ACBP=A9
 0002:000017A8 00000004 C=DATA     S=.data    G=DGROUP   M=OverbyteIcsLibrary ACBP=A9
 0002:000017AC 00000014 C=DATA     S=.data    G=DGROUP   M=OverbyteIcsUtils ACBP=A9
 0002:000017C0 00000008 C=DATA     S=.data    G=DGROUP   M=OverbyteIcsThreadTimer ACBP=A9
 0002:000017C8 00000006 C=DATA     S=.data    G=DGROUP   M=OverbyteIcsWndControl ACBP=A9
 0002:000017D0 00000004 C=DATA     S=.data    G=DGROUP   M=OverbyteIcsWSockBuf ACBP=A9
 0002:000017D4 00000004 C=DATA     S=.data    G=DGROUP   M=OverbyteIcsLogger ACBP=A9
 0002:000017D8 000001D4 C=DATA     S=.data    G=DGROUP   M=OverbyteIcsSSLEAY ACBP=A9
 0002:000019AC 0000032D C=DATA     S=.data    G=DGROUP   M=OverbyteIcsLIBEAY ACBP=A9
 0002:00001CDC 00000040 C=DATA     S=.data    G=DGROUP   M=OverbyteIcsWSocket ACBP=A9
 0002:00001D1C 000000C8 C=DATA     S=.data    G=DGROUP   M=OverbyteIcsMimeUtils ACBP=A9
 0002:00001DE4 00000014 C=DATA     S=.data    G=DGROUP   M=OverbyteIcsMD5 ACBP=A9
 0002:00001DF8 00000001 C=DATA     S=.data    G=DGROUP   M=OverbyteIcsDigestAuth ACBP=A9
 0002:00001DFC 00000024 C=DATA     S=.data    G=DGROUP   M=OverbyteIcsUrl ACBP=A9
 0002:00001E20 00000004 C=DATA     S=.data    G=DGROUP   M=OverbyteIcsHttpContCod ACBP=A9
 0002:00001E24 00000004 C=DATA     S=.data    G=DGROUP   M=OverbyteIcsMD4 ACBP=A9
 0002:00001E28 0000034C C=DATA     S=.data    G=DGROUP   M=OverbyteIcsDES ACBP=A9
 0002:00002174 0000000C C=DATA     S=.data    G=DGROUP   M=OverbyteIcsNtlmMsgs ACBP=A9
 0002:00002180 00000023 C=DATA     S=.data    G=DGROUP   M=OverbyteIcsHttpProt ACBP=A9
 0002:00003000 00000664 C=BSS      S=.bss     G=DGROUP   M=System   ACBP=A9
 0002:00003664 00000010 C=BSS      S=.bss     G=DGROUP   M=SysInit  ACBP=A9
 0002:00003674 00000004 C=BSS      S=.bss     G=DGROUP   M=Types    ACBP=A9
 0002:00003678 00000004 C=BSS      S=.bss     G=DGROUP   M=Windows  ACBP=A9
 0002:0000367C 00000004 C=BSS      S=.bss     G=DGROUP   M=Messages ACBP=A9
 0002:00003680 00000004 C=BSS      S=.bss     G=DGROUP   M=SysConst ACBP=A9
 0002:00003684 00000120 C=BSS      S=.bss     G=DGROUP   M=SysUtils ACBP=A9
 0002:000037A4 0000005C C=BSS      S=.bss     G=DGROUP   M=VarUtils ACBP=A9
 0002:00003800 00000040 C=BSS      S=.bss     G=DGROUP   M=Variants ACBP=A9
 0002:00003840 00000004 C=BSS      S=.bss     G=DGROUP   M=RTLConsts ACBP=A9
 0002:00003844 00000004 C=BSS      S=.bss     G=DGROUP   M=TypInfo  ACBP=A9
 0002:00003848 00000004 C=BSS      S=.bss     G=DGROUP   M=ActiveX  ACBP=A9
 0002:0000384C 00000044 C=BSS      S=.bss     G=DGROUP   M=Classes  ACBP=A9
 0002:00003890 00000004 C=BSS      S=.bss     G=DGROUP   M=Consts   ACBP=A9
 0002:00003894 00000060 C=BSS      S=.bss     G=DGROUP   M=Graphics ACBP=A9
 0002:000038F4 00000004 C=BSS      S=.bss     G=DGROUP   M=Math     ACBP=A9
 0002:000038F8 00000004 C=BSS      S=.bss     G=DGROUP   M=Contnrs  ACBP=A9
 0002:000038FC 0000000C C=BSS      S=.bss     G=DGROUP   M=CommCtrl ACBP=A9
 0002:00003908 00000031 C=BSS      S=.bss     G=DGROUP   M=MultiMon ACBP=A9
 0002:0000393C 00000004 C=BSS      S=.bss     G=DGROUP   M=Imm      ACBP=A9
 0002:00003940 00000008 C=BSS      S=.bss     G=DGROUP   M=HelpIntfs ACBP=A9
 0002:00003948 00000004 C=BSS      S=.bss     G=DGROUP   M=WinSpool ACBP=A9
 0002:0000394C 00000004 C=BSS      S=.bss     G=DGROUP   M=Printers ACBP=A9
 0002:00003950 00000034 C=BSS      S=.bss     G=DGROUP   M=FlatSB   ACBP=A9
 0002:00003984 00000004 C=BSS      S=.bss     G=DGROUP   M=SyncObjs ACBP=A9
 0002:00003988 000000CC C=BSS      S=.bss     G=DGROUP   M=UxTheme  ACBP=A9
 0002:00003A54 00000004 C=BSS      S=.bss     G=DGROUP   M=RichEdit ACBP=A9
 0002:00003A58 00000004 C=BSS      S=.bss     G=DGROUP   M=ToolWin  ACBP=A9
 0002:00003A5C 00000004 C=BSS      S=.bss     G=DGROUP   M=ShellAPI ACBP=A9
 0002:00003A60 00000004 C=BSS      S=.bss     G=DGROUP   M=RegStr   ACBP=A9
 0002:00003A64 00000004 C=BSS      S=.bss     G=DGROUP   M=WinInet  ACBP=A9
 0002:00003A68 00000004 C=BSS      S=.bss     G=DGROUP   M=UrlMon   ACBP=A9
 0002:00003A6C 00000004 C=BSS      S=.bss     G=DGROUP   M=ShlObj   ACBP=A9
 0002:00003A70 00000004 C=BSS      S=.bss     G=DGROUP   M=CommDlg  ACBP=A9
 0002:00003A74 00000004 C=BSS      S=.bss     G=DGROUP   M=Dlgs     ACBP=A9
 0002:00003A78 00000038 C=BSS      S=.bss     G=DGROUP   M=Dialogs  ACBP=A9
 0002:00003AB0 00000004 C=BSS      S=.bss     G=DGROUP   M=ExtCtrls ACBP=A9
 0002:00003AB4 00000004 C=BSS      S=.bss     G=DGROUP   M=ComStrs  ACBP=A9
 0002:00003AB8 0000000C C=BSS      S=.bss     G=DGROUP   M=Clipbrd  ACBP=A9
 0002:00003AC4 00000004 C=BSS      S=.bss     G=DGROUP   M=StrUtils ACBP=A9
 0002:00003AC8 00000030 C=BSS      S=.bss     G=DGROUP   M=Buttons  ACBP=A9
 0002:00003AF8 00000004 C=BSS      S=.bss     G=DGROUP   M=ExtDlgs  ACBP=A9
 0002:00003AFC 00000004 C=BSS      S=.bss     G=DGROUP   M=IniFiles ACBP=A9
 0002:00003B00 00000004 C=BSS      S=.bss     G=DGROUP   M=Registry ACBP=A9
 0002:00003B04 00000004 C=BSS      S=.bss     G=DGROUP   M=Mapi     ACBP=A9
 0002:00003B08 00000009 C=BSS      S=.bss     G=DGROUP   M=ExtActns ACBP=A9
 0002:00003B14 00000004 C=BSS      S=.bss     G=DGROUP   M=ListActns ACBP=A9
 0002:00003B18 00000015 C=BSS      S=.bss     G=DGROUP   M=ComCtrls ACBP=A9
 0002:00003B30 00000008 C=BSS      S=.bss     G=DGROUP   M=Themes   ACBP=A9
 0002:00003B38 00000004 C=BSS      S=.bss     G=DGROUP   M=StdCtrls ACBP=A9
 0002:00003B3C 00000004 C=BSS      S=.bss     G=DGROUP   M=StdActns ACBP=A9
 0002:00003B40 00000014 C=BSS      S=.bss     G=DGROUP   M=WinHelpViewer ACBP=A9
 0002:00003B54 00000080 C=BSS      S=.bss     G=DGROUP   M=Controls ACBP=A9
 0002:00003BD4 00000004 C=BSS      S=.bss     G=DGROUP   M=ActnList ACBP=A9
 0002:00003BD8 0000000C C=BSS      S=.bss     G=DGROUP   M=ImgList  ACBP=A9
 0002:00003BE4 00000010 C=BSS      S=.bss     G=DGROUP   M=Menus    ACBP=A9
 0002:00003BF4 00000020 C=BSS      S=.bss     G=DGROUP   M=Forms    ACBP=A9
 0002:00003C14 00000004 C=BSS      S=.bss     G=DGROUP   M=SHFolder ACBP=A9
 0002:00003C18 00000004 C=BSS      S=.bss     G=DGROUP   M=ComConst ACBP=A9
 0002:00003C1C 00000011 C=BSS      S=.bss     G=DGROUP   M=ComObj   ACBP=A9
 0002:00003C30 00000004 C=BSS      S=.bss     G=DGROUP   M=MaskUtils ACBP=A9
 0002:00003C34 00000004 C=BSS      S=.bss     G=DGROUP   M=Mask     ACBP=A9
 0002:00003C38 00000004 C=BSS      S=.bss     G=DGROUP   M=MMSystem ACBP=A9
 0002:00003C3C 00000004 C=BSS      S=.bss     G=DGROUP   M=SVATimer ACBP=A9
 0002:00003C40 00000004 C=BSS      S=.bss     G=DGROUP   M=Grids    ACBP=A9
 0002:00003C44 00000004 C=BSS      S=.bss     G=DGROUP   M=DateUtils ACBP=A9
 0002:00003C48 00000004 C=BSS      S=.bss     G=DGROUP   M=DBConsts ACBP=A9
 0002:00003C4C 00000004 C=BSS      S=.bss     G=DGROUP   M=SqlTimSt ACBP=A9
 0002:00003C50 00000004 C=BSS      S=.bss     G=DGROUP   M=FMTBcd   ACBP=A9
 0002:00003C54 00000020 C=BSS      S=.bss     G=DGROUP   M=DB       ACBP=A9
 0002:00003C74 00000004 C=BSS      S=.bss     G=DGROUP   M=VDBConsts ACBP=A9
 0002:00003C78 00000004 C=BSS      S=.bss     G=DGROUP   M=DBLogDlg ACBP=A9
 0002:00003C7C 00000004 C=BSS      S=.bss     G=DGROUP   M=DBPWDlg  ACBP=A9
 0002:00003C80 00000004 C=BSS      S=.bss     G=DGROUP   M=DBCtrls  ACBP=A9
 0002:00003C84 00000004 C=BSS      S=.bss     G=DGROUP   M=Ctrl_sup ACBP=A9
 0002:00003C88 00000008 C=BSS      S=.bss     G=DGROUP   M=Alert    ACBP=A9
 0002:00003C90 00000004 C=BSS      S=.bss     G=DGROUP   M=bbUtils  ACBP=A9
 0002:00003C94 00000004 C=BSS      S=.bss     G=DGROUP   M=ShellConsts ACBP=A9
 0002:00003C98 0000001C C=BSS      S=.bss     G=DGROUP   M=ShellCtrls ACBP=A9
 0002:00003CB4 00000004 C=BSS      S=.bss     G=DGROUP   M=ShelBrow ACBP=A9
 0002:00003CB8 00000204 C=BSS      S=.bss     G=DGROUP   M=janStrings ACBP=A9
 0002:00003EBC 00000004 C=BSS      S=.bss     G=DGROUP   M=janXPathTokenizer ACBP=A9
 0002:00003EC0 00000004 C=BSS      S=.bss     G=DGROUP   M=janXMLParser2 ACBP=A9
 0002:00003EC4 00000010 C=BSS      S=.bss     G=DGROUP   M=files1   ACBP=A9
 0002:00003ED4 00000004 C=BSS      S=.bss     G=DGROUP   M=WinVer   ACBP=A9
 0002:00003ED8 00000008 C=BSS      S=.bss     G=DGROUP   M=OneInst32 ACBP=A9
 0002:00003EE0 0000009C C=BSS      S=.bss     G=DGROUP   M=verResU  ACBP=A9
 0002:00003F7C 00000004 C=BSS      S=.bss     G=DGROUP   M=AppEvnts ACBP=A9
 0002:00003F80 00000008 C=BSS      S=.bss     G=DGROUP   M=save1    ACBP=A9
 0002:00003F88 00000008 C=BSS      S=.bss     G=DGROUP   M=about    ACBP=A9
 0002:00003F90 00000004 C=BSS      S=.bss     G=DGROUP   M=OverbyteIcsTypes ACBP=A9
 0002:00003F94 00000004 C=BSS      S=.bss     G=DGROUP   M=OverbyteIcsLibrary ACBP=A9
 0002:00003F98 00000004 C=BSS      S=.bss     G=DGROUP   M=OverbyteIcsUtils ACBP=A9
 0002:00003F9C 00000028 C=BSS      S=.bss     G=DGROUP   M=OverbyteIcsThreadTimer ACBP=A9
 0002:00003FC4 00000030 C=BSS      S=.bss     G=DGROUP   M=OverbyteIcsWndControl ACBP=A9
 0002:00003FF4 00000004 C=BSS      S=.bss     G=DGROUP   M=WinSock  ACBP=A9
 0002:00003FF8 00000004 C=BSS      S=.bss     G=DGROUP   M=OverbyteIcsWinSock ACBP=A9
 0002:00003FFC 00000004 C=BSS      S=.bss     G=DGROUP   M=OverbyteIcsWSockBuf ACBP=A9
 0002:00004000 00000004 C=BSS      S=.bss     G=DGROUP   M=OverbyteIcsLogger ACBP=A9
 0002:00004004 00000004 C=BSS      S=.bss     G=DGROUP   M=Masks    ACBP=A9
 0002:00004008 00000004 C=BSS      S=.bss     G=DGROUP   M=OverbyteIcsSSLEAY ACBP=A9
 0002:0000400C 00000004 C=BSS      S=.bss     G=DGROUP   M=OverbyteIcsLIBEAY ACBP=A9
 0002:00004010 0000031C C=BSS      S=.bss     G=DGROUP   M=OverbyteIcsWSocket ACBP=A9
 0002:0000432C 00000014 C=BSS      S=.bss     G=DGROUP   M=OverbyteIcsCharsetUtils ACBP=A9
 0002:00004340 00000004 C=BSS      S=.bss     G=DGROUP   M=OverbyteIcsMLang ACBP=A9
 0002:00004344 00000004 C=BSS      S=.bss     G=DGROUP   M=OverbyteIcsCsc ACBP=A9
 0002:00004348 00000004 C=BSS      S=.bss     G=DGROUP   M=OverbyteIcsStreams ACBP=A9
 0002:0000434C 00000004 C=BSS      S=.bss     G=DGROUP   M=OverbyteIcsMimeUtils ACBP=A9
 0002:00004350 00000004 C=BSS      S=.bss     G=DGROUP   M=OverbyteIcsMD5 ACBP=A9
 0002:00004354 00000004 C=BSS      S=.bss     G=DGROUP   M=OverbyteIcsDigestAuth ACBP=A9
 0002:00004358 00000004 C=BSS      S=.bss     G=DGROUP   M=OverbyteIcsUrl ACBP=A9
 0002:0000435C 00000004 C=BSS      S=.bss     G=DGROUP   M=OverbyteIcsHttpContCod ACBP=A9
 0002:00004360 00000004 C=BSS      S=.bss     G=DGROUP   M=OverbyteIcsMD4 ACBP=A9
 0002:00004364 00000004 C=BSS      S=.bss     G=DGROUP   M=OverbyteIcsDES ACBP=A9
 0002:00004368 00000004 C=BSS      S=.bss     G=DGROUP   M=OverbyteIcsNtlmMsgs ACBP=A9
 0002:0000436C 00000004 C=BSS      S=.bss     G=DGROUP   M=OverbyteIcsHttpProt ACBP=A9
 0002:00004370 00000008 C=BSS      S=.bss     G=DGROUP   M=ChkNewVer ACBP=A9
 0002:00004378 00000008 C=BSS      S=.bss     G=DGROUP   M=prefs1   ACBP=A9
 0002:00004380 00000008 C=BSS      S=.bss     G=DGROUP   M=Property1 ACBP=A9
 0002:00004388 00000008 C=BSS      S=.bss     G=DGROUP   M=opengroup1 ACBP=A9
 0002:00004390 00000008 C=BSS      S=.bss     G=DGROUP   M=LoadConf1 ACBP=A9
 0002:00004398 0000000C C=BSS      S=.bss     G=DGROUP   M=programmgr1 ACBP=A9


  Address         Publics by Name

 0002:00003F90       .1
 0002:00003C44       .1
 0002:00003B04       .1
 0002:00003AB4       .1
 0002:0000367C       .1
 0002:00003C94       .1
 0002:00003840       .1
 0002:0000434C       .1
 0002:00003928       .1
 0002:00003C90       .1
 0002:00003A54       .1
 0002:00004358       .1
 0002:00004350       .1
 0002:00003A74       .1
 0002:00004368       .1
 0002:00003970       .1
 0002:00004340       .1
 0002:00003A70       .1
 0002:00003AC4       .1
 0002:00003A6C       .1
 0002:00003C74       .1
 0002:00003C14       .1
 0002:00003C18       .1
 0002:00004364       .1
 0002:00003FF8       .1
 0002:0000366C       .1
 0002:00003F94       .1
 0002:00003A44       .1
 0002:0000393C       .1
 0002:00003FF4       .1
 0002:00003674       .1
 0002:00003A5C       .1
 0002:00003680       .1
 0002:00003890       .1
 0002:00003A68       .1
 0002:00003B48       .1
 0002:00003A64       .1
 0002:00003C48       .1
 0002:00003A60       .1
 0002:000038FC       .1
 0002:00003C4C       .1
 0002:00004348       .11
 0002:00003A78       .11
 0002:00003C40       .11
 0002:00003AB0       .12
 0002:00003898       .12
 0002:00003ABC       .2
 0002:0000438C       .2
 0002:00004374       .2
 0002:00004354       .2
 0002:00003F8C       .2
 0002:00003C30       .2
 0002:00004394       .2
 0002:00003940       .2
 0002:00003F84       .2
 0002:00004360       .2
 0002:00004008       .2
 0002:000038F4       .2
 0002:000043A0       .2
 0002:00003ED0       .2
 0002:00003C78       .2
 0002:00004384       .2
 0002:00003B30       .2
 0002:0000437C       .2
 0002:00003C7C       .2
 0002:00003C8C       .2
 0002:0000400C       .2
 0002:00004338       .2
 0002:000038F8       .21
 0002:00003C98       .21
 0002:00003C80       .22
 0002:00003BD8       .3
 0002:00003848       .3
 0002:00003948       .3
 0002:00003678       .3
 0002:0000394C       .3
 0002:00003ED8       .3
 0002:00003AF8       .3
 0002:00003C3C       .3
 0002:00003CB4       .3
 0002:00003EBC       .3
 0002:00003C50       .3
 0002:00003EE0       .3
 0002:00003F7C       .3
 0002:00004004       .3
 0002:00004000       .3
 0002:00003EB8       .3
 0002:00003794       .35
 0002:00003C70       .36
 0002:00003B18       .36
 0002:0000436C       .4
 0002:00004344       .4
 0002:00003FFC       .4
 0002:00003AC8       .4
 0002:00003A58       .4
 0002:00003F98       .4
 0002:00003C1C       .41
 0002:00003BFC       .41
 0002:00003B38       .42
 0002:00003858       .45
 0002:000035BC       .5
 0002:00003C34       .5
 0002:00003ED4       .5
 0002:00003FA0       .5
 0002:000037FC       .5
 0002:00003B00       .5
 0002:00003C84       .51
 0002:00003844       .6
 0002:00003984       .6
 0002:0000435C       .7
 0002:00003C38       .7
 0002:00003B5C       .72
 0002:00003B08       .72
 0002:00003B3C       .73
 0002:00003AFC       .8
 0002:00003B14       .8
 0002:00003FEC       .8
 0002:00003BD4       .8
 0002:00003820       .81
 0002:00003EC0       .9
 0002:00003BEC       .9
 0002:00004164       .91
 0001:00001BE0       @AbstractError
 0001:00003E88       @AddRefArray
 0001:00003E40       @AddRefRecord
 0001:000027DC       @AfterConstruction
 0001:000025D0       @AsClass
 0001:000031B0       @Assert
 0001:00001D84       @AStrCmp
 0001:000027EC       @BeforeDestruction
 0001:00002360       @BoundErr
 0001:0000261C       @CallDynaInst
 0001:00002784       @ClassCreate
 0001:000027D4       @ClassDestroy
 0001:00001C50       @Close
 0001:00001934       @Copy
 0001:0000407C       @CopyArray
 0001:00003F60       @CopyRecord
 0001:00004228       @DispCallByIDError
 0001:0000F1D8       @DispInvokeError
 0001:00004184       @Dispose
 0001:00002C68       @DoneExcept
 0001:000048BC       @DynArrayAddRef
 0001:00004894       @DynArrayAsg
 0001:00004858       @DynArrayClear
 0001:00004744       @DynArrayCopy
 0001:00004764       @DynArrayCopyRange
 0001:00004584       @DynArrayHigh
 0001:0000457C       @DynArrayLength
 0001:00004738       @DynArraySetLength
 0001:00002D50       @ExceptionHandler
 0001:00001DF4       @FillChar
 0001:00003E34       @Finalize
 0001:00003D48       @FinalizeArray
 0001:00003CFC       @FinalizeRecord
 0001:00002634       @FindDynaInst
 0001:00002354       @FpuInit
 0001:00002290       @FpuMaskInit
 0001:000017BC       @FreeMem
 0001:0000179C       @GetMem
 0001:00005640       @GetTls
 0001:00003198       @Halt
 0001:000030C0       @Halt0
 0001:00002900       @HandleAnyException
 0001:00002BB4       @HandleFinally
 0001:00002A2C       @HandleOnException
 0001:0000568C       @InitExe
 0001:00003CF0       @Initialize
 0001:00003C5C       @InitializeArray
 0001:00003C2C       @InitializeRecord
 0001:00002F84       @InitImports
 0001:00002F5C       @InitResStringImports
 0001:00002F38       @InitResStrings
 0001:00004F84       @IntfAddRef
 0001:00004F54       @IntfCast
 0001:00004F10       @IntfClear
 0001:00004F28       @IntfCopy
 0001:000025AC       @IsClass
 0001:00002260       @isNECWindows
 0001:00003704       @LStrAddRef
 0001:00003278       @LStrArrayClr
 0001:000032A8       @LStrAsg
 0001:0000351C       @LStrCat
 0001:00003560       @LStrCat3
 0001:000035D4       @LStrCatN
 0001:00003254       @LStrClr
 0001:00003660       @LStrCmp
 0001:00003774       @LStrCopy
 0001:000037B4       @LStrDelete
 0001:000034C4       @LStrFromArray
 0001:0000343C       @LStrFromChar
 0001:0000344C       @LStrFromPChar
 0001:00003344       @LStrFromPCharLen
 0001:0000347C       @LStrFromPWChar
 0001:000033B0       @LStrFromPWCharLen
 0001:000034B8       @LStrFromString
 0001:000034DC       @LStrFromWStr
 0001:000037FC       @LStrInsert
 0001:000032EC       @LStrLAsg
 0001:00003514       @LStrLen
 0001:00003904       @LStrOfChar
 0001:00003858       @LStrPos
 0001:000038A0       @LStrSetLength
 0001:00003714       @LStrToPChar
 0001:000034F0       @LStrToString
 0001:00004170       @New
 0001:00003318       @NewAnsiString
 0001:00003938       @NewWideString
 0001:00001B24       @Pos
 0001:00001F74       @Pow10
 0001:00001D00       @PStrCmp
 0001:00001CD8       @PStrCpy
 0001:00001CA8       @PStrNCat
 0001:00001CE4       @PStrNCpy
 0001:00002C14       @RaiseAgain
 0001:00002BEC       @RaiseExcept
 0001:00001E14       @RandInt
 0001:000017DC       @ReallocMem
 0001:00001BB0       @ROUND
 0001:000031A4       @RunError
 0001:00001F34       @SetElem
 0001:00001F58       @SetEq
 0001:00002EF8       @StartExe
 0001:0000036C       @strlen
 0001:00001BBC       @TRUNC
 0001:00002C98       @TryFinallyExit
 0001:0000376C       @UniqueStringA
 0001:0000434C       @ValInt64
 0001:00001E30       @ValLong
 0001:00003E70       @VarAddRef
 0001:0001454C       @VarAddRef
 0001:00014CA8       @VarArrayGet
 0001:00014D98       @VarArrayPut
 0001:0000FD30       @VarCast
 0001:0000F4C4       @VarClear
 0001:0000F4D8       @VarClr
 0001:00003D30       @VarClr
 0001:00016548       @VarCmpEQ
 0001:00016558       @VarCmpLT
 0001:00003F48       @VarCopy
 0001:0000F7EC       @VarCopy
 0001:0000FA6C       @VarCopyNoInd
 0001:00013A9C       @VarFromBool
 0001:00013928       @VarFromByte
 0001:00013AEC       @VarFromCurr
 0001:00013A44       @VarFromCurrency
 0001:00013A70       @VarFromDate
 0001:00013BE0       @VarFromDisp
 0001:00013A18       @VarFromDouble
 0001:000138CC       @VarFromInt
 0001:000139C8       @VarFromInt64
 0001:00013908       @VarFromInteger
 0001:00013BB4       @VarFromIntf
 0001:00013968       @VarFromLongWord
 0001:00013B00       @VarFromLStr
 0001:00013B2C       @VarFromPStr
 0001:00013AC4       @VarFromReal
 0001:00013988       @VarFromShortInt
 0001:000139F4       @VarFromSingle
 0001:000139A8       @VarFromSmallInt
 0001:00013AD8       @VarFromTDateTime
 0001:00013948       @VarFromWord
 0001:00013B7C       @VarFromWStr
 0001:0000F22C       @VarNull
 0001:0000FA80       @VarStringToOleStr
 0001:000114FC       @VarToBool
 0001:000111B4       @VarToBoolean
 0001:000105F4       @VarToByte
 0001:000123A0       @VarToCurrency
 0001:00011E38       @VarToDate
 0001:00013820       @VarToDisp
 0001:000116C8       @VarToDouble
 0001:00010BB8       @VarToInt64
 0001:000100F4       @VarToInteger
 0001:00013754       @VarToIntf
 0001:0001086C       @VarToLongWord
 0001:00012A54       @VarToLStr
 0001:00011A44       @VarToReal
 0001:00010544       @VarToShortInt
 0001:00011A60       @VarToSingle
 0001:0001069C       @VarToSmallInt
 0001:00010794       @VarToWord
 0001:0001317C       @VarToWStr
 0001:00003C0C       @WStrAddRef
 0001:00003978       @WStrArrayClr
 0001:0000399C       @WStrAsg
 0001:00003960       @WStrClr
 0001:00003AF8       @WStrCmp
 0001:00003B7C       @WStrCopy
 0001:00003AB4       @WStrFromArray
 0001:00003ACC       @WStrFromLStr
 0001:000039C8       @WStrFromPCharLen
 0001:00003A78       @WStrFromPWChar
 0001:00003A54       @WStrFromPWCharLen
 0001:000039C0       @WStrLAsg
 0001:00003AEC       @WStrLen
 0001:00003BC8       @WStrSetLength
 0001:00003ADC       @WStrToPWChar
 0001:00001F10       @_CLenToPasStr
 0001:00001F04       @_CToPasStr
 0001:00001904       @_IOTest
 0001:00004254       @_lldiv
 0001:000042D0       @_llmod
 0001:00004230       @_llmul
 0001:0000BA78       Abort
 0001:000904F8       about
 0002:00003F88       AboutBox
 0001:0005D4A8       AbsMin
 0001:0000BE44       AbstractErrorHandler
 0002:0000302C       AbstractErrorProc
 0002:00000144       AccessMode
 0001:0000186C       AcquireExceptionObject
 0001:0001A8A0       ActivateClassGroup
 0001:00005DE8       ActivateKeyboardLayout
 0002:00003B90       ActiveDrag
 0001:000181D8       ActiveX
 0001:0006C860       ActnList
 0001:000004A8       AddBlockAfter
 0001:00083EB0       AddChars
 0002:0000057C       AddDataModule
 0001:00086034       AddDigit
 0001:0000767C       AddExitProc
 0001:0001E8F8       AddFinished
 0001:000700A8       AddIn
 0001:00004DA4       AddModuleUnloadProc
 0001:00004DB4       AddModuleUnloadProc
 0001:0008559C       AddNormalizedFractions
 0001:0001E930       AddNotFinished
 0001:00086018       AddOneChar
 0001:00083F6C       AddStrings
 0001:0001F354       AddSubComponentsToLoaded
 0001:00023988       AddThread
 0002:0000138C       AdjustAmt
 0002:000013A4       AdjustAmt
 0002:0000139C       AdjustAmt
 0002:00001394       AdjustAmt
 0001:00029170       AdjustColor
 0001:0003656C       AdjustColors
 0001:000849C8       AdjustDecimalPosition
 0001:00007A54       AdjustLineBreaks
 0001:000770D4       Adjustment
 0001:000858F4       AdjustNibbles
 0001:00005DF0       AdjustWindowRectEx
 0001:00087C68       Alert
 0002:00003C88       AlertBox
 0002:0000120C       Alignments
 0002:00000ED0       Alignments
 0002:00000F68       Alignments
 0002:000011FC       Alignments
 0002:00000E90       Alignments
 0002:00000AA4       Alignments
 0002:00000F78       Alignments
 0002:00000D10       AlignStyles
 0001:00062B14       AlignWork
 0001:0007DFCC       AlignWork
 0001:00025170       AllocateHWnd
 0001:00032874       AllocFilterStr
 0001:00007630       AllocMem
 0002:000035B4       AllocMemCount
 0002:000035B8       AllocMemSize
 0001:0002E358       AllocPatternBitmap
 0001:000055E8       AllocTlsBuffer
 0001:000220DC       AncestorIsValid
 0002:00000FE8       AnchorAlign
 0002:00000FDC       AnimateWindowProc
 0002:000010E4       AnimationStyle
 0001:0000785C       AnsiCompareStr
 0001:00007894       AnsiCompareText
 0001:00007954       AnsiExtractQuotedStr
 0001:0000833C       AnsiLastChar
 0001:00005DF8       AnsiLower
 0001:00007828       AnsiLowerCase
 0001:0000C83C       AnsiLowerCaseFileName
 0001:0000C804       AnsiPos
 0001:000748BC       AnsiSameCaption
 0001:000078CC       AnsiSameText
 0001:000078E4       AnsiStrLIComp
 0001:0000C8C8       AnsiStrPos
 0001:0000C968       AnsiStrRScan
 0001:0000C990       AnsiStrScan
 0001:00005384       AnsiToUtf8
 0001:000077F4       AnsiUpperCase
 0001:000136DC       AnyToIntf
 0001:00009CCC       AppendChars
 0001:0000A090       AppendFormat
 0001:00009D30       AppendNumber
 0001:00009D10       AppendString
 0001:0008FAB0       AppEvnts
 0002:00003BF4       Application
 0001:000908A0       Application
 0002:0000058C       ApplicationHandleException
 0002:00000594       ApplicationShowException
 0002:00001338       AppVisible
 0002:00000D74       Arrangements
 0001:000992B8       Asn1ToString
 0001:00099214       ASN1_ITEM_ptr
 0001:0000BE28       AssertErrorHandler
 0002:00003024       AssertErrorProc
 0001:000177F0       AssignLongStr
 0001:00017E6C       AssignVariant
 0001:00090C84       atoi
 0001:000B1E38       AuthDigestCalcHA1
 0001:000B1BD0       AuthDigestCalcResponse
 0001:000B23CC       AuthDigestGenerateRequest
 0001:000B1FA0       AuthDigestParseChallenge
 0001:000B2354       AuthDigestValidateResponse
 0002:00001DF8       AUTH_DIGEST_DELIM
 0002:00000D7C       AutoArrange
 0002:0000360C       avail
 0002:00002194       b642bin
 0001:000084AC       BackfillGetDiskFreeSpaceEx
 0001:0006003C       BackgroundClipped
 0002:00001CFC       BackString
 0001:0000DEF8       BackupVarBoolFromStr
 0001:0000E058       BackupVarBStrFromBool
 0001:0000DF78       BackupVarBStrFromCy
 0001:0000DFE8       BackupVarBStrFromDate
 0001:0000DE8C       BackupVarCyFromStr
 0001:0000DE20       BackupVarDateFromStr
 0001:0000DCDC       BackupVarI4FromStr
 0001:0000DC88       BackupVariantChangeTypeEx
 0001:0000DD48       BackupVarR4FromStr
 0001:0000DDB4       BackupVarR8FromStr
 0001:000B0EA8       Base64Decode
 0001:000B0E88       Base64Encode
 0001:000B0D04       Base64Encode
 0002:00001D64       Base64In
 0002:00001D20       Base64OutA
 0002:0000043C       BaseTypeMap
 0001:00088AEC       bbUtils
 0001:00085EC8       BcdAdd
 0001:00085AA4       BcdCompare
 0001:00085D0C       BcdDivide
 0001:00085E5C       BcdDivide
 0001:000831E4       BcdError
 0001:00083174       BcdErrorFmt
 0001:00085BA8       BcdMultiply
 0001:00085CA0       BcdMultiply
 0001:0008633C       BcdScale
 0001:00085B6C       BcdSubtract
 0001:000863D4       BCDToCurr
 0001:00083A84       BcdToDouble
 0001:000861F8       BcdToStr
 0001:0000C41C       Beep
 0001:0001AC74       BeginGlobalLoading
 0001:00005E00       BeginPaint
 0001:00003208       BeginThread
 0001:0002917C       BetterSize
 0001:00035E5C       BevelLine
 0001:00035D6C       BevelRect
 0001:00070F1C       BiDiDraw
 0002:0000218C       bin2b64
 0002:00002188       bin2uue
 0001:00023874       BinToHex
 0001:000991F8       BIO_get_flags
 0001:00099200       BIO_should_retry
 0001:00005BC8       BitBlt
 0002:00000C54       BitBtnCaptions
 0002:00003ACC       BitBtnGlyphs
 0002:00000C80       BitBtnModalResults
 0002:00000C28       BitBtnResNames
 0002:00000918       BitmapCanvasList
 0002:000038B0       BitmapImageLock
 0001:0000DCC4       BiUnimplemented
 0001:00084864       BlankArgument
 0002:00000634       BlockCode
 0002:000035E4       blockDescBlockList
 0002:000035E8       blockDescFreeList
 0001:00099270       BMPStrToWideStr
 0002:00000560       BooleanIdents
 0002:00000438       BooleanToStringRule
 0002:00001584       Bools
 0001:00008008       BoolToStr
 0001:000127DC       BoolToWStrViaOS
 0002:00000A9C       BorderStyles
 0002:00000E88       BorderStyles
 0002:00000D54       BorderStyles
 0001:00005744       Bounds
 0001:00019B9C       Bounds
 0002:000011A4       Breaks
 0002:000038E8       BrushManager
 0002:00001480       BtnHintId
 0001:000736D0       BuildImage
 0002:00000A44       ButtonCaptions
 0002:00000CB0       ButtonCount
 0002:00000A18       ButtonNames
 0002:00001220       Buttons
 0001:0003B15C       Buttons
 0002:00000F60       ButtonStyles
 0002:00003A84       ButtonWidths
 0001:0002895C       BytesPerScanline
 0001:00028CB4       ByteSwapColors
 0001:0000C500       ByteToCharIndex
 0001:0000C4D8       ByteToCharLen
 0001:0000C49C       ByteType
 0001:0000C424       ByteTypeTest
 0002:00003BDC       CachedComCtrlVer
 0001:000250AC       CalcJmpOffset
 0001:0006A838       CalcSplitterPos
 0001:00005E08       CallNextHookEx
 0001:0000D190       CallTerminateProcs
 0001:00005E10       CallWindowProc
 0001:0005E4E0       CancelDrag
 0001:000847F4       CanUseShort
 0002:00003BA4       CanvasList
 0002:000038EC       CanvasList
 0002:000009F0       Captions
 0002:000010A0       CaptureControl
 0002:00001144       cBooleanToItemAutoFlag
 0002:0000046C       CBooleanToRelationship
 0001:00005760       CenterPoint
 0001:00032184       CenterWindow
 0002:00003ABA       CF_COMPONENT
 0002:00003AB8       CF_PICTURE
 0002:00003818       ChangeAnyProc
 0001:0005CA0C       ChangeBiDiModeAlignment
 0002:00000EB0       CharCases
 0002:00000F14       CharCases
 0001:00003374       CharFromWChar
 0001:0000C6D4       CharLength
 0001:00005E18       CharLowerBuff
 0001:00005E20       CharNext
 0001:000002D4       CharNext
 0002:0000433C       CharsetInfos
 0001:00027160       CharsetToIdent
 0001:0000C5E8       CharToByteIndex
 0001:0000C64C       CharToByteLen
 0001:00005E28       CharToOemA
 0001:00005E30       CharUpperBuff
 0001:00029744       CheckBool
 0001:00042664       CheckCommonControl
 0001:0000287C       CheckJmp
 0001:00005E38       CheckMenuItem
 0002:00001194       Checks
 0001:00082D60       CheckSqlTimeStamp
 0001:0001F390       CheckSubComponents
 0001:000239A0       CheckSynchronize
 0001:00076AF4       CheckTaskWindow
 0001:00013C0C       CheckType
 0001:0005E194       CheckUndock
 0001:0000C310       CheckWin32Version
 0001:00005E40       ChildWindowFromPoint
 0001:000BE290       ChkNewVer
 0002:00000454       CInvalidCustomVariantType
 0002:00001148       cItemAutoFlagToBoolean
 0002:00001140       cItemAutoFlagToMenu
 0001:000252FC       Classes
 0001:0001A664       ClassNotFound
 0002:00003814       ClearAnyProc
 0001:000269F0       ClearColor
 0001:00081BB0       ClearExcepInfo
 0001:000157D0       ClearVariantTypeList
 0002:00003EC4       ClesTri
 0001:000A4F84       ClientCertCallback
 0001:00005E48       ClientToScreen
 0001:00067DDC       ClientToWindow
 0002:00000910       ClipboardFormats
 0001:00037864       Clipbrd
 0001:00005E50       CloseClipboard
 0001:000058C8       CloseHandle
 0002:0000398C       CloseThemeData
 0002:00000978       CLSID_AutoComplete
 0002:00000968       CLSID_ShellLink
 0002:00003040       CmdLine
 0002:0000303C       CmdShow
 0002:0000113C       cMenuAutoFlagToItem
 0002:00000478       CmpTypeMap
 0001:0000DCD0       CmpUnimplemented
 0002:00001348       CoAddRefServerProcess
 0001:0001816C       CoCreateInstance
 0002:00001340       CoCreateInstanceEx
 0001:000AE524       CodePageToMimeCharset
 0002:00000DD0       Codes
 0002:00000D44       Codes
 0002:00003B2C       CoInitExProcLoaded
 0002:00001358       CoInitFlags
 0001:0001815C       CoInitialize
 0002:00001344       CoInitializeEx
 0002:00003B28       CoInitializeExProc
 0001:0001AF30       CollectionsEqual
 0002:00000690       Colors
 0001:00026F58       ColorToIdent
 0002:00000AB0       ColorToPretyName
 0001:00026F48       ColorToRGB
 0002:00000DA4       ColumnClicks
 0002:00000E00       ComboBoxExStyles
 0002:00000F00       ComboBoxStyles
 0002:00000E0C       ComboExStyles
 0002:00003C24       ComClassManagerVar
 0001:00081028       ComConst
 0002:00003900       ComCtl32DLL
 0002:00003B24       ComCtlVersion
 0001:0004C0B4       ComCtrls
 0002:00003BF0       CommandPool
 0001:0002F0D4       CommCtrl
 0001:00031A78       CommDlg
 0001:00000788       Commit
 0002:00003628       committedRoot
 0001:00081E78       ComObj
 0001:00085874       CompactBcd
 0001:00083C50       CompareDigits
 0001:0006F68C       CompareFront
 0001:0000775C       CompareMem
 0001:0008BCCC       CompareMulti
 0001:0008BD50       CompareMultiDesc
 0001:00085654       CompareNormalizedFractions
 0001:0000772C       CompareStr
 0001:000058D0       CompareString
 0001:0000777C       CompareText
 0001:00007F30       CompareWith
 0001:0001F470       ComponentCreated
 0001:00029514       ComputeAldusChecksum
 0001:00037820       ComStrs
 0001:00088C74       ConcatPIDLs
 0001:00025690       Consts
 0002:00001E20       ContCodings
 0001:0002EB04       Contnrs
 0002:00003B62       ControlAtom
 0002:00003B68       ControlAtomString
 0001:0007B89C       ControlHasHelp
 0001:0006B4D4       Controls
 0002:000005C0       Convert
 0002:000005B0       Convert
 0001:0000B818       ConvertAddr
 0001:00090CC4       ConvertCodepage
 0001:00009E20       ConvertEraString
 0001:000075F4       ConvertError
 0001:0000760C       ConvertErrorFmt
 0001:000481BC       ConvertFlags
 0001:00048028       ConvertMask
 0001:000481E0       ConvertStates
 0001:00009F88       ConvertYearString
 0001:0000458C       CopyArray
 0001:0002B8E8       CopyBitmap
 0001:0002BFB0       CopyBitmapAsMask
 0001:00005BD0       CopyEnhMetaFile
 0001:0003AF0C       CopyImage
 0001:0003A4D4       CopyImage
 0001:00006360       CopyMemory
 0001:0002BF4C       CopyPalette
 0001:00088C48       CopyPIDL
 0002:00002180       CopyRight
 0002:00001D1C       CopyRight
 0002:00001DFC       CopyRight
 0002:00000E24       Copyright
 0002:00002174       CopyRight
 0002:000017A4       CopyRight
 0002:000017C8       CopyRight
 0002:000017D8       CopyRight
 0002:00001E28       CopyRight
 0002:00001CDC       CopyRight
 0002:00001E24       CopyRight
 0002:000017D0       CopyRight
 0002:000017D4       CopyRight
 0002:000017A8       CopyRight
 0002:00001DE4       CopyRight
 0002:000019AC       CopyRight
 0001:0007277C       CopyToBest
 0002:0000134C       CoReleaseServerProcess
 0002:00001350       CoResumeClassObjects
 0002:00001354       CoSuspendClassObjects
 0001:00018174       CoTaskMemAlloc
 0001:00018164       CoUninitialize
 0001:0000C558       CountChars
 0002:000038C8       CounterLock
 0002:00000458       CRangeToType
 0001:0000BD6C       CreateAssertException
 0001:0000BEF4       CreateAVObject
 0001:00005BD8       CreateBitmap
 0001:00005BE0       CreateBrushIndirect
 0001:00081388       CreateComObject
 0001:00005BE8       CreateCompatibleBitmap
 0001:00005BF0       CreateCompatibleDC
 0001:0001F4F0       CreateComponent
 0001:00088D30       CreateDesktopFolder
 0001:00005C00       CreateDIBitmap
 0001:00005BF8       CreateDIBSection
 0001:0000858C       CreateDir
 0001:000058D8       CreateDirectory
 0001:000058E0       CreateEvent
 0001:000058E8       CreateFile
 0001:00005C08       CreateFontIndirect
 0001:00005C10       CreateHalftonePalette
 0001:00005E58       CreateIcon
 0001:0000BC98       CreateInOutError
 0001:00005E60       CreateMenu
 0001:00033574       CreateMessageDialog
 0001:000058F8       CreateMutex
 0001:00005C18       CreatePalette
 0001:00005C20       CreatePenIndirect
 0001:00088BB4       CreatePIDL
 0001:00005E68       CreatePopupMenu
 0001:000881C8       CreateShortcut
 0001:00005C28       CreateSolidBrush
 0001:00028D0C       CreateSystemPalette
 0001:00005918       CreateThread
 0001:000002DC       CreateThread
 0001:0000645C       CreateWindow
 0001:00006404       CreateWindowEx
 0002:00000FE0       CreationControl
 0002:0000098C       CreationControl
 0002:0000054C       CRelationshipToBoolean
 0002:0000041C       CResult
 0002:000021A0       CRLF
 0002:00003C9C       CS
 0002:00000FCC       CSHREDRAW
 0002:0000013C       cSimpleBoolStrs
 0002:000004F4       CText
 0002:000010DC       Ctl3DStyles
 0002:00000F58       Ctl3DStyles
 0001:00087A18       Ctrl_sup
 0002:00003620       curAlloc
 0001:00013EA0       CurrCompare
 0002:0000368C       CurrencyDecimals
 0002:00003688       CurrencyFormat
 0002:00003684       CurrencyString
 0001:00009CB8       CurrentYear
 0001:00086348       CurrToBCD
 0001:000096FC       CurrToStr
 0001:0001276C       CurrToWStrViaOS
 0002:000012BC       CursorMap
 0002:00000FF0       Cursors
 0001:0005CD2C       CursorToIdent
 0002:000012AC       cUseAlpha
 0002:000012B4       cUseColorKey
 0002:00000314       CVarTypeToElementInfo
 0001:00007C20       CvtInt
 0001:00007C8C       CvtInt64
 0002:000013E4       CWNear
 0002:0000017C       CWNear
 0002:00000FD4       Data
 0001:000A7EF8       DataToString
 0001:0003C308       DataTypeToRegData
 0001:00013E78       DateCompare
 0002:0000368D       DateSeparator
 0001:00082C90       DateTimeToSQLTimeStamp
 0001:0000A8D0       DateTimeToStr
 0001:0000A844       DateTimeToString
 0001:00009850       DateTimeToTimeStamp
 0001:0000A8A0       DateToStr
 0001:000127A4       DateToWStrViaOS
 0001:00082050       DateUtils
 0001:00009C40       DayOfWeek
 0001:00081FE8       DaysInAMonth
 0001:0008696C       DB
 0002:00003C6C       DBApplication
 0001:000820A8       DBConsts
 0001:00087978       DBCtrls
 0001:0008715C       DBLogDlg
 0001:000876CC       DBPWDlg
 0002:00003C68       DBScreen
 0002:00000178       DCon10
 0002:0000068C       DDBsOnly
 0001:00025224       DeallocateHWnd
 0002:0000002C       DebugHook
 0002:0000368B       DecimalSeparator
 0001:00015040       DecIndices
 0001:00009C20       DecodeDate
 0001:00009AD4       DecodeDateFully
 0001:00009944       DecodeTime
 0001:0000081C       Decommit
 0001:00000E38       DecommitFree
 0002:000035FC       decommittedRoot
 0001:0007EBF4       Default
 0001:00079524       Default
 0002:00000024       Default8087CW
 0002:000017AC       DefaultAnsiCodePage
 0002:00000FE4       DefaultDockTreeClass
 0001:00046A88       DefaultListViewSort
 0002:000035C0       DefaultUserCodePage
 0002:000008E0       DefBrushData
 0002:00000660       DefFontData
 0001:00005E70       DefFrameProc
 0002:00000208       DefLongDayNames
 0002:000001BC       DefLongMonthNames
 0001:00005E78       DefMDIChildProc
 0002:000008C0       DefPenData
 0002:000001EC       DefShortDayNames
 0002:0000018C       DefShortMonthNames
 0001:00005E80       DefWindowProc
 0001:000048F8       DelayLoadResourceModule
 0001:000004D8       DeleteBlock
 0001:00000448       DeleteCriticalSection
 0001:00005920       DeleteCriticalSection
 0001:00005C30       DeleteDC
 0001:00005C38       DeleteEnhMetaFile
 0001:00008300       DeleteFile
 0001:00005928       DeleteFile
 0001:00000C80       DeleteFree
 0001:00005E88       DeleteMenu
 0001:00005C40       DeleteObject
 0001:00056080       DeleteSelectedText
 0001:000B4720       DES
 0001:000B49D4       DesEcbEncrypt
 0001:0002B4A4       DeselectBitmap
 0002:0000151C       DesktopFolder
 0001:00088DAC       DesktopPIDL
 0001:00088D20       DesktopShellFolder
 0001:00005E90       DestroyCursor
 0001:00005E98       DestroyIcon
 0001:0003B01C       DestroyLocals
 0001:00005EA0       DestroyMenu
 0001:00005EA8       DestroyWindow
 0001:00059F98       DialogEnumerationTester
 0001:00032238       DialogHook
 0001:00033DC4       Dialogs
 0002:0000091C       DIBPalSizes
 0002:00000090       dig
 0002:00000DBC       Directions
 0001:000081E8       DirectoryExists
 0001:00076948       DisableTaskWindows
 0001:000815C4       DispatchInvoke
 0001:00081BA4       DispatchInvokeError
 0001:00005EB0       DispatchMessage
 0001:0007CB7C       DispatchShortCut
 0001:00081BC0       DispCall
 0001:00081CA4       DispCallByID
 0002:00003000       DispCallByIDProc
 0001:00081AD0       DispCallError
 0001:00088CD0       DisposePIDL
 0001:000075D8       DivMod
 0001:00031AB0       Dlgs
 0001:0007DE80       DoAlign
 0001:000629A4       DoAlign
 0001:00066A9C       DoCalcConstraints
 0002:00003B98       DockSiteList
 0001:0007339C       DoClick
 0001:000640E8       DoControlMsg
 0001:000768F8       DoDisableWindow
 0001:0005DAC0       DoDragOver
 0001:00007650       DoExitProc
 0001:00068B0C       DoFindControlZone
 0001:00076A34       DoFindWindow
 0001:00069098       DoFindZone
 0001:00068B90       DoForEach
 0001:0006A49C       DoGetNextLimit
 0001:000768C0       DoneApplication
 0001:0006B1FC       DoneControls
 0001:0000C220       DoneExceptions
 0001:00094B84       DoneMaskStates
 0001:0007AEF8       DoNestedActivation
 0001:0002393C       DoneThreadSynchronization
 0001:0007DCD0       DoPosition
 0001:00062564       DoPosition
 0001:00069AC4       DoPrune
 0001:000355D0       DoRect
 0001:00069F9C       DoSaveZone
 0001:0006A1A0       DoSetNewBounds
 0002:00000568       DotSep
 0002:00000CB4       DownStyles
 0001:0001C5BC       DoWrite
 0001:0002A5C0       DoWrite
 0001:0002999C       DoWrite
 0001:0006DCEC       DoWrite
 0001:000636D0       DoWriteDesignSize
 0001:0006113C       DoWriteIsControl
 0001:00031800       DragAcceptFiles
 0002:00003B7C       DragCapture
 0002:00003B70       DragControl
 0001:0005E208       DragDone
 0001:0005DA70       DragFindTarget
 0001:0005DA44       DragFindWindow
 0001:00031808       DragFinish
 0002:00003B94       DragImageList
 0001:0005DE60       DragInit
 0001:0005DFD0       DragInitControl
 0002:00003B78       DragInternalObject
 0001:0005D98C       DragMessage
 0002:00003B74       DragObject
 0001:00031810       DragQueryFile
 0002:00003BA0       DragSave
 0002:00003B88       DragSaveCursor
 0002:00003B80       DragStartPos
 0002:00003B8C       DragThreshold
 0001:0005DB90       DragTo
 0001:0007EC30       DrawAppIcon
 0001:00069630       DrawCloseButton
 0001:00005EB8       DrawEdge
 0001:00005EC0       DrawFocusRect
 0001:00005EC8       DrawFrameControl
 0001:00069688       DrawGrabberLine
 0001:00005ED0       DrawIcon
 0001:00005ED8       DrawIconEx
 0002:00001118       DrawingStyles
 0001:00005EE0       DrawMenuBar
 0001:000746DC       DrawMenuItem
 0001:00005EE8       DrawText
 0002:00003990       DrawThemeBackground
 0002:000039B4       DrawThemeEdge
 0002:000039B8       DrawThemeIcon
 0002:00003A3C       DrawThemeParentBackground
 0002:00003994       DrawThemeText
 0001:000287DC       DupBits
 0002:00001568       dutchdaynames
 0002:00001538       dutchmonthnames
 0001:00014FEC       DynArrayBounds
 0001:000045A4       DynArrayClear
 0001:00014F64       DynArrayDim
 0001:00014F48       DynArrayElTypeInfo
 0001:0001549C       DynArrayFromVariant
 0001:00014F08       DynArrayIndex
 0001:000045AC       DynArraySetLength
 0001:00014F7C       DynArraySize
 0001:0001514C       DynArrayToVariant
 0001:000150AC       DynArrayVariantBounds
 0001:00015104       DynArrayVarType
 0002:00001EAC       E
 0002:00001204       EdgeStyle
 0002:00000F48       EdgeStyles
 0002:000010CC       EdgeStyles
 0002:00000D5C       EditStyles
 0001:0000BC6C       EHeapException.FreeInstance
 0001:000B672C       EHttpException.Create
 0002:00000ECC       Empty
 0001:00005EF0       EmptyClipboard
 0001:00013D04       EmptyCompare
 0002:00003800       EmptyParam
 0002:000000C0       EmptyStr
 0002:000000C4       EmptyWideStr
 0001:00005EF8       EnableMenuItem
 0002:0000119C       Enables
 0001:00005F00       EnableScrollBar
 0001:000769FC       EnableTaskWindows
 0002:00003A24       EnableThemeDialogTexture
 0002:00003A40       EnableTheming
 0001:00005F08       EnableWindow
 0001:00009AA4       EncodeDate
 0001:000BD7A0       EncodeLine
 0001:000BD9A8       EncodeStr
 0001:00009904       EncodeTime
 0001:0001ACFC       EndGlobalLoading
 0001:00005F10       EndPaint
 0001:0000324C       EndThread
 0001:00005930       EnterCriticalSection
 0001:00000438       EnterCriticalSection
 0001:00005938       EnumCalendarInfoA
 0002:00003924       EnumDisplayMonitors
 0001:0000B48C       EnumEraNames
 0001:0000B4C8       EnumEraYearOffsets
 0001:00079AE8       EnumMonitorsProc
 0001:00005F18       EnumThreadWindows
 0001:0001ECA0       EnumValue
 0001:00005F20       EnumWindows
 0001:000812BC       EOleException.Create
 0001:000811EC       EOleSysError.Create
 0001:00005F28       EqualRect
 0002:00003754       EraNames
 0001:0000AB48       EraToYear
 0002:00003770       EraYearOffsets
 0002:00000068       errCaption
 0001:0001A208       Error
 0001:000018F8       Error
 0001:0006F3DC       Error
 0001:0001E484       Error
 0002:00000004       ErrorAddr
 0001:000018AC       ErrorAt
 0001:0000BD18       ErrorHandler
 0002:00000224       ErrorMap
 0002:00003008       ErrorProc
 0002:000033E8       ErrOutput
 0001:0000184C       ExceptAddr
 0002:0000300C       ExceptClsProc
 0001:0000C18C       ExceptHandler
 0001:0000BA98       Exception.Create
 0001:0000BAD4       Exception.CreateFmt
 0001:0000BC24       Exception.CreateHelp
 0001:0000BB54       Exception.CreateRes
 0001:0000BB90       Exception.CreateResFmt
 0002:0000301C       ExceptionClass
 0001:0000B824       ExceptionErrorMessage
 0002:0000025C       ExceptMap
 0001:0000182C       ExceptObject
 0002:00003010       ExceptObjProc
 0002:00003004       ExceptProc
 0001:00005C48       ExcludeClipRect
 0001:00087D24       Exec
 0002:00000000       ExitCode
 0001:00003004       ExitDll
 0002:00003048       ExitProc
 0001:000002EC       ExitProcess
 0002:00003028       ExitProcessProc
 0002:00000138       ExitProcList
 0001:000002E4       ExitThread
 0001:00008470       ExpandFileName
 0001:00032510       ExplorerHook
 0001:0003CA5C       ExtActns
 0001:00037770       ExtCtrls
 0001:0003B1B4       ExtDlgs
 0002:00000FAC       ExtendSelects
 0001:00008428       ExtractFileExt
 0001:00032B88       ExtractFileName
 0001:000083F0       ExtractFileName
 0001:00032BD0       ExtractFileNames
 0001:000083BC       ExtractFilePath
 0001:00031818       ExtractIcon
 0001:00005C50       ExtTextOut
 0001:000B4534       F
 0002:0000415C       FAccept
 0002:00003790       FalseBoolStrs
 0002:00004158       FBind
 0002:00004370       FChkNewVer
 0002:00003AC0       FClipboard
 0002:00004154       FCloseSocket
 0002:0000016C       FCon1E18
 0002:00004150       FConnect
 0002:000013E0       FConst10
 0002:00001CF8       FDll2Handle
 0002:00001CF4       FDllHandle
 0002:000040FC       FGetHostByAddr
 0002:000040F8       FGetHostByName
 0002:00004100       FGetHostName
 0002:0000414C       FGetPeerName
 0002:000040F4       FGetProtoByName
 0002:000040F0       FGetServByName
 0002:00004148       FGetSockName
 0002:00004110       FGetSockOpt
 0002:00004144       Fhtonl
 0002:00004140       Fhtons
 0002:000013E8       FieldTypeNames
 0001:00008170       FileAge
 0001:00008168       FileClose
 0001:000080AC       FileCreate
 0001:000080D0       FileCreate
 0001:00008520       FileDateToDateTime
 0001:000081D8       FileExists
 0002:00000914       FileFormats
 0002:0000000C       FileMode
 0001:00008054       FileOpen
 0001:000080D8       FileRead
 0002:000005A4       FilerSignature
 0001:0008C10C       files1
 0001:00008130       FileSeek
 0001:00005940       FileTimeToDosDateTime
 0001:00005948       FileTimeToLocalFileTime
 0001:00008104       FileWrite
 0001:00000D68       FillAfterGap
 0001:00000D14       FillBeforeGap
 0001:00000E00       FillerSizeAfterGap
 0001:00000D90       FillerSizeBeforeGap
 0001:00005F30       FillRect
 0002:00000CBC       FillStyles
 0001:0002F824       Finalization
 0001:00031720       Finalization
 0001:00031790       Finalization
 0001:000056D0       Finalization
 0001:000317C8       Finalization
 0001:0008BB20       Finalization
 0001:0000578C       Finalization
 0001:0003C180       Finalization
 0001:0008A1F0       Finalization
 0001:0008A184       Finalization
 0001:000B0FC8       Finalization
 0001:0008C0BC       Finalization
 0001:0003B184       Finalization
 0001:000B1B24       Finalization
 0001:000054A0       Finalization
 0001:0003C950       Finalization
 0001:0002F864       Finalization
 0001:0000E444       Finalization
 0001:00089D78       Finalization
 0001:0008DE34       Finalization
 0001:000B2600       Finalization
 0001:0006B46C       Finalization
 0001:00088F84       Finalization
 0001:00025660       Finalization
 0001:0002524C       Finalization
 0001:0006C830       Finalization
 0001:0006E43C       Finalization
 0001:000B2E18       Finalization
 0001:0002F0A4       Finalization
 0001:000B0C98       Finalization
 0001:000B0C60       Finalization
 0001:000B0C28       Finalization
 0001:000B0BB0       Finalization
 0001:000B3B18       Finalization
 0001:0003C9B4       Finalization
 0001:00088AF4       Finalization
 0001:000749B8       Finalization
 0001:00088ABC       Finalization
 0001:0003CA0C       Finalization
 0001:0005958C       Finalization
 0001:0000DA60       Finalization
 0001:0003084C       Finalization
 0001:00030894       Finalization
 0001:000308CC       Finalization
 0001:000B4454       Finalization
 0001:000B48C0       Finalization
 0001:0008E07C       Finalization
 0001:0003B124       Finalization
 0001:000B52DC       Finalization
 0001:00033D68       Finalization
 0001:00087C38       Finalization
 0001:000967F0       Finalization
 0001:00030BF0       Finalization
 0001:000879E8       Finalization
 0001:0008EAAC       Finalization
 0001:0004CDB0       Finalization
 0001:00087934       Finalization
 0001:0004C03C       Finalization
 0001:000AE25C       Finalization
 0001:00087690       Finalization
 0001:0008712C       Finalization
 0001:0008FA80       Finalization
 0001:00086A50       Finalization
 0001:00080EF8       Finalization
 0001:00080FA0       Finalization
 0001:00080FF8       Finalization
 0001:00086910       Finalization
 0001:0003E670       Finalization
 0001:00016568       Finalization
 0001:000167C4       Finalization
 0001:00081DF8       Finalization
 0001:00081ED0       Finalization
 0001:00081F08       Finalization
 0001:00081F40       Finalization
 0001:0008646C       Finalization
 0001:00081F78       Finalization
 0001:00081FB0       Finalization
 0001:0008FEBC       Finalization
 0001:00082020       Finalization
 0001:00082078       Finalization
 0001:0002EAD4       Finalization
 0001:000BDDB8       Finalization
 0001:000904C8       Finalization
 0001:00031830       Finalization
 0001:00031868       Finalization
 0001:000318A0       Finalization
 0001:00082E6C       Finalization
 0001:0009056C       Finalization
 0001:000908CC       Finalization
 0001:000BE260       Finalization
 0001:00090EC4       Finalization
 0001:000BE6A8       Finalization
 0001:000180D0       Finalization
 0001:000BEEE0       Finalization
 0001:00030D9C       Finalization
 0001:00037728       Finalization
 0001:00091B14       Finalization
 0001:000181A8       Finalization
 0001:000BF12C       Finalization
 0001:00059424       Finalization
 0001:0005A210       Finalization
 0001:000377F0       Finalization
 0001:000931F8       Finalization
 0001:00037928       Finalization
 0001:000BF3C8       Finalization
 0001:00093268       Finalization
 0001:000932A0       Finalization
 0001:00094C64       Finalization
 0001:00037828       Finalization
 0001:000C734C       Finalization
 0001:000C7384       Finalization
 0001:000318D8       Finalization
 0001:00094470       Finalization
 0001:00031A08       Finalization
 0001:00031A48       Finalization
 0001:000065AC       Finalization
 0001:000065E4       Finalization
 0001:00031A80       Finalization
 0001:0000695C       Finalization
 0001:000993C4       Finalization
 0001:00093A40       Finalization
 0001:0002E390       Finalization
 0001:0002E570       Finalization
 0001:0000459C       FinalizeArray
 0001:00092094       FinalizeGlobalHandler
 0001:00002E38       FinalizeUnits
 0001:0007315C       Find
 0001:000217D4       FindAncestor
 0001:00004968       FindBS
 0001:0001A724       FindClass
 0001:000048F0       FindClassHInstance
 0001:000002FC       FindClose
 0001:00005950       FindClose
 0001:000082E4       FindClose
 0001:00000CE4       FindCommitted
 0001:0005CB0C       FindControl
 0001:000692C4       FindControlAtPos
 0001:000163A0       FindCustomVariantType
 0001:00016458       FindCustomVariantType
 0001:0005E52C       FindDragTarget
 0001:0001F6A0       FindExistingComponent
 0001:00008270       FindFirst
 0001:00005958       FindFirstFile
 0001:00000304       FindFirstFile
 0001:00076B40       FindGlobalComponent
 0001:0001AB8C       FindGlobalComponent
 0002:00003864       FindGlobalComponentProcs
 0001:000048C8       FindHInstance
 0001:0001AA34       FindIdentToInt
 0001:0001A9B8       FindIntToIdent
 0001:0000820C       FindMatchingFile
 0002:00003A80       FindMsg
 0001:0001E830       FindNestedComponent
 0001:000082C0       FindNext
 0001:00005960       FindNextFile
 0001:0006F3A4       FindPopupControl
 0001:0000E10C       FindProc
 0001:00005968       FindResource
 0001:00004940       FindResourceHInstance
 0001:0008074C       FindScanline
 0001:00058FD8       FindString
 0001:00076A98       FindTopMostWindow
 0001:00020584       FindUniqueName
 0001:00014844       FindVarData
 0001:0005E4F8       FindVCLWindow
 0001:00005F38       FindWindow
 0001:00059FF0       FindWinHelp
 0002:0000413C       FInet_addr
 0002:00004138       FInet_ntoa
 0002:00004130       FIoctlSocket
 0001:0002B89C       FixupBitFields
 0002:00001214       Flags
 0002:000037A0       FLanguages
 0001:00030C20       FlatSB
 0002:00003950       FlatSB_EnableScrollBar
 0002:0000395C       FlatSB_GetScrollInfo
 0002:00003960       FlatSB_GetScrollPos
 0002:00003958       FlatSB_GetScrollRange
 0002:00003968       FlatSB_SetScrollInfo
 0002:00003964       FlatSB_SetScrollPos
 0001:00030910       FlatSB_SetScrollProp
 0002:0000396C       FlatSB_SetScrollRange
 0002:00003954       FlatSB_ShowScrollBar
 0002:0000412C       FListen
 0002:00004390       FLoadConf
 0002:00004388       FLoadGroup
 0001:0000938C       FloatToDecimal
 0001:000096CC       FloatToStr
 0001:00008DC4       FloatToText
 0001:00009098       FloatToTextFmt
 0001:00001C44       Flush
 0002:00000180       FMSecsPerDay
 0001:000864A8       FMTBcd
 0002:000013AC       FMTBcdVariantType
 0001:00008CC0       FmtStr
 0002:00004128       Fntohl
 0002:00004124       Fntohs
 0002:00001230       FocusCount
 0002:0000122C       FocusMessages
 0002:00000830       FontCharsets
 0002:000038E0       FontManager
 0002:00004104       FOpenSocket
 0002:00000988       ForceCurrentDirectory
 0001:00076B14       ForegroundTask
 0001:00008CAC       Format
 0002:00000188       Format
 0001:000088B4       FormatBuf
 0001:000088A8       FormatClearStr
 0001:0000882C       FormatError
 0002:00000164       FormatErrorStrs
 0001:0000972C       FormatFloat
 0001:00005970       FormatMessage
 0001:00008884       FormatVarToStr
 0001:00080F54       Forms
 0001:00001F6C       FPower10
 0002:00004378       FPrefs
 0002:00004398       FPrgMgr
 0002:00000964       FPrinter
 0002:00004380       FProperty
 0001:000860B0       FractionToStr
 0001:00035694       Frame3D
 0001:00005F40       FrameRect
 0002:0000411C       FRecv
 0002:00004120       FRecvFrom
 0001:0000D640       FreeAndNil
 0001:00000A50       FreeCommitted
 0001:00000F70       FreeCurAlloc
 0001:0005E5EC       FreeDeviceContext
 0001:0005E6A8       FreeDeviceContexts
 0001:00025018       FreeIntConstList
 0001:0000030C       FreeLibrary
 0001:00005978       FreeLibrary
 0001:0002B3F8       FreeMemoryContexts
 0001:0002514C       FreeObjectInstance
 0001:00076BD4       FreeObjectInstance
 0001:00005998       FreeResource
 0001:000006D0       FreeSpace
 0001:0000D1AC       FreeTerminateProcs
 0001:00030DD4       FreeThemeLibrary
 0002:00003B20       FRichEditModule
 0002:00003F80       FSaveCfg
 0002:00004118       FSend
 0002:00004114       FSendTo
 0002:0000410C       FSetSockOpt
 0002:00004108       FShutdown
 0002:000040E8       FWSAAsyncGetHostByAddr
 0002:000040E4       FWSAAsyncGetHostByName
 0002:000040EC       FWSAAsyncSelect
 0002:000040E0       FWSACancelAsyncRequest
 0002:000040D4       FWSACleanup
 0002:000040DC       FWSAGetLastError
 0002:00004134       FWSAIoctl
 0002:000040D8       FWSASetLastError
 0002:000040D0       FWSAStartup
 0002:00001C14       f_ASN1_INTEGER_get
 0002:00001C24       f_ASN1_INTEGER_set
 0002:00001C28       f_ASN1_item_d2i
 0002:00001C1C       f_ASN1_item_free
 0002:00001C2C       f_ASN1_STRING_free
 0002:00001C18       f_ASN1_STRING_print
 0002:00001C20       f_ASN1_STRING_to_UTF8
 0002:00001A00       f_BIO_ctrl
 0002:00001A0C       f_BIO_ctrl_get_read_request
 0002:00001A08       f_BIO_ctrl_get_write_guarantee
 0002:00001A04       f_BIO_ctrl_pending
 0002:00001A1C       f_BIO_free
 0002:00001978       f_BIO_f_ssl
 0002:00001A34       f_BIO_gets
 0002:00001A14       f_BIO_get_retry_BIO
 0002:00001A18       f_BIO_get_retry_reason
 0002:000019E8       f_BIO_new
 0002:000019FC       f_BIO_new_bio_pair
 0002:000019F0       f_BIO_new_fd
 0002:000019F4       f_BIO_new_file
 0002:000019F8       f_BIO_new_mem_buf
 0002:000019EC       f_BIO_new_socket
 0002:00001A24       f_BIO_nread
 0002:00001A28       f_BIO_nread0
 0002:00001A2C       f_BIO_nwrite
 0002:00001A30       f_BIO_nwrite0
 0002:00001A3C       f_BIO_push
 0002:00001A38       f_BIO_puts
 0002:00001A20       f_BIO_read
 0002:00001A10       f_BIO_s_mem
 0002:00001A40       f_BIO_write
 0002:00001C98       f_CONF_modules_unload
 0002:00001A64       f_CRYPTO_add_lock
 0002:00001A80       f_CRYPTO_cleanup_all_ex_data
 0002:00001BFC       f_CRYPTO_free
 0002:00001A68       f_CRYPTO_num_locks
 0002:00001A74       f_CRYPTO_set_dynlock_create_callback
 0002:00001A7C       f_CRYPTO_set_dynlock_destroy_callback
 0002:00001A78       f_CRYPTO_set_dynlock_lock_callback
 0002:00001A6C       f_CRYPTO_set_id_callback
 0002:00001A70       f_CRYPTO_set_locking_callback
 0002:00001A58       f_d2i_PKCS12_bio
 0002:00001A60       f_d2i_PKCS7_bio
 0002:00001C68       f_d2i_PrivateKey
 0002:00001A4C       f_d2i_PrivateKey_bio
 0002:0000184C       f_d2i_SSL_SESSION
 0002:00001A54       f_d2i_X509
 0002:00001A44       f_d2i_X509_bio
 0002:00001B94       f_DSA_print
 0002:00001B98       f_EC_KEY_print
 0002:000019D8       f_ERR_clear_error
 0002:000019D0       f_ERR_error_string
 0002:000019D4       f_ERR_error_string_n
 0002:000019E0       f_ERR_free_strings
 0002:000019CC       f_ERR_get_error
 0002:000019C0       f_ERR_get_error_line_data
 0002:000019C4       f_ERR_peek_error
 0002:000019C8       f_ERR_peek_last_error
 0002:000019DC       f_ERR_remove_state
 0002:00001B88       f_EVP_cleanup
 0002:00001B84       f_EVP_des_ede3_cbc
 0002:00001B80       f_EVP_get_cipherbyname
 0002:00001B68       f_EVP_md5
 0002:00001B74       f_EVP_PKEY_assign
 0002:00001B7C       f_EVP_PKEY_bits
 0002:00001B6C       f_EVP_PKEY_free
 0002:00001B70       f_EVP_PKEY_new
 0002:00001B78       f_EVP_PKEY_size
 0002:00001B64       f_EVP_sha1
 0002:00001C30       f_i2a_ASN1_OBJECT
 0002:00001C74       f_i2d_ASN1_bytes
 0002:00001A5C       f_i2d_PKCS12_bio
 0002:00001C64       f_i2d_PrivateKey
 0002:00001A50       f_i2d_PrivateKey_bio
 0002:00001850       f_i2d_SSL_SESSION
 0002:00001C60       f_i2d_X509
 0002:00001A48       f_i2d_X509_bio
 0002:00001BA0       f_OBJ_nid2ln
 0002:00001B9C       f_OBJ_nid2sn
 0002:00001BA4       f_OBJ_obj2nid
 0002:00001C9C       f_OpenSSL_add_all_ciphers
 0002:00001CA0       f_OpenSSL_add_all_digests
 0002:00001BF4       f_PEM_do_header
 0002:00001BEC       f_PEM_read_bio_PKCS7
 0002:00001C6C       f_PEM_read_bio_PrivateKey
 0002:00001BE8       f_PEM_read_bio_X509
 0002:00001BE4       f_PEM_read_bio_X509_CRL
 0002:00001BF0       f_PEM_write_bio_PKCS7
 0002:00001C70       f_PEM_write_bio_PrivateKey
 0002:00001BD8       f_PEM_write_bio_X509
 0002:00001BE0       f_PEM_write_bio_X509_CRL
 0002:00001BDC       f_PEM_write_bio_X509_REQ
 0002:00001BF8       f_PEM_X509_INFO_read_bio
 0002:00001CC4       f_PKCS12_create
 0002:00001CC0       f_PKCS12_free
 0002:00001CB8       f_PKCS12_parse
 0002:00001CBC       f_PKCS12_verify_mac
 0002:00001CB4       f_PKCS7_add_certificate
 0002:00001CB0       f_PKCS7_content_new
 0002:00001CA8       f_PKCS7_free
 0002:00001CA4       f_PKCS7_new
 0002:00001CAC       f_PKCS7_set_type
 0002:000019E4       f_RAND_seed
 0002:00001B8C       f_RSA_generate_key
 0002:00001B90       f_RSA_print
 0002:00001BC0       f_sk_delete
 0002:00001BD0       f_sk_dup
 0002:00001BC8       f_sk_find
 0002:00001BB4       f_sk_free
 0002:00001BCC       f_sk_insert
 0002:00001BB0       f_sk_new_null
 0002:00001BA8       f_sk_num
 0002:00001BC4       f_sk_pop
 0002:00001BB8       f_sk_pop_free
 0002:00001BBC       f_sk_push
 0002:00001BD4       f_sk_set
 0002:00001BAC       f_sk_value
 0002:000019B8       f_SSLeay
 0002:000019BC       f_SSLeay_version
 0002:00001814       f_SSLv23_client_method
 0002:00001810       f_SSLv23_method
 0002:00001818       f_SSLv23_server_method
 0002:000017FC       f_SSLv2_client_method
 0002:000017F8       f_SSLv2_method
 0002:00001800       f_SSLv2_server_method
 0002:00001808       f_SSLv3_client_method
 0002:00001804       f_SSLv3_method
 0002:0000180C       f_SSLv3_server_method
 0002:00001874       f_SSL_accept
 0002:000018E4       f_SSL_alert_desc_string_long
 0002:000018E0       f_SSL_alert_type_string_long
 0002:000018F0       f_SSL_CIPHER_description
 0002:000018E8       f_SSL_CIPHER_get_bits
 0002:000018EC       f_SSL_CIPHER_get_name
 0002:00001898       f_SSL_clear
 0002:00001878       f_SSL_connect
 0002:0000187C       f_SSL_ctrl
 0002:00001968       f_SSL_CTX_add_client_CA
 0002:00001930       f_SSL_CTX_ctrl
 0002:000018F4       f_SSL_CTX_free
 0002:0000186C       f_SSL_CTX_get_cert_store
 0002:00001948       f_SSL_CTX_get_client_cert_cb
 0002:00001938       f_SSL_CTX_get_ex_data
 0002:00001928       f_SSL_CTX_get_verify_depth
 0002:00001924       f_SSL_CTX_get_verify_mode
 0002:00001914       f_SSL_CTX_load_verify_locations
 0002:00001828       f_SSL_CTX_new
 0002:00001958       f_SSL_CTX_sess_get_get_cb
 0002:00001960       f_SSL_CTX_sess_get_new_cb
 0002:00001950       f_SSL_CTX_sess_get_remove_cb
 0001:000967E0       f_SSL_CTX_sess_set_cache_size
 0002:00001954       f_SSL_CTX_sess_set_get_cb
 0002:0000195C       f_SSL_CTX_sess_set_new_cb
 0002:0000194C       f_SSL_CTX_sess_set_remove_cb
 0002:0000193C       f_SSL_CTX_set_cipher_list
 0002:0000196C       f_SSL_CTX_set_client_CA_list
 0002:00001944       f_SSL_CTX_set_client_cert_cb
 0002:00001904       f_SSL_CTX_set_default_passwd_cb
 0002:00001908       f_SSL_CTX_set_default_passwd_cb_userdata
 0002:00001918       f_SSL_CTX_set_default_verify_paths
 0002:00001934       f_SSL_CTX_set_ex_data
 0002:000018F8       f_SSL_CTX_set_info_callback
 0001:00096784       f_SSL_CTX_set_options
 0001:000967B8       f_SSL_CTX_set_session_cache_mode
 0002:00001864       f_SSL_CTX_set_session_id_context
 0002:00001868       f_SSL_CTX_set_timeout
 0002:00001940       f_SSL_CTX_set_trust
 0002:0000191C       f_SSL_CTX_set_verify
 0002:0000192C       f_SSL_CTX_set_verify_depth
 0002:000018FC       f_SSL_CTX_use_certificate_chain_file
 0002:00001900       f_SSL_CTX_use_certificate_file
 0002:00001910       f_SSL_CTX_use_PrivateKey
 0002:0000190C       f_SSL_CTX_use_PrivateKey_file
 0002:000017E4       f_SSL_do_handshake
 0002:0000189C       f_SSL_free
 0002:00001844       f_SSL_get1_session
 0002:000018D4       f_SSL_get_current_cipher
 0002:0000188C       f_SSL_get_error
 0002:000018A4       f_SSL_get_ex_data
 0002:00001974       f_SSL_get_ex_data_X509_STORE_CTX_idx
 0002:00001988       f_SSL_get_fd
 0001:000967A4       f_SSL_get_options
 0002:000018A8       f_SSL_get_peer_certificate
 0002:000018AC       f_SSL_get_peer_cert_chain
 0002:0000183C       f_SSL_get_rbio
 0002:0000198C       f_SSL_get_rfd
 0001:000993A0       f_SSL_get_secure_renegotiation_support
 0002:00001838       f_SSL_get_session
 0002:00001890       f_SSL_get_shutdown
 0002:00001994       f_SSL_get_SSL_CTX
 0002:000018B0       f_SSL_get_verify_depth
 0002:000018B4       f_SSL_get_verify_result
 0002:000018CC       f_SSL_get_version
 0002:00001840       f_SSL_get_wbio
 0002:00001990       f_SSL_get_wfd
 0002:000017F0       f_SSL_library_init
 0002:00001970       f_SSL_load_client_CA_file
 0002:000017F4       f_SSL_load_error_strings
 0002:0000182C       f_SSL_new
 0002:00001880       f_SSL_read
 0002:000017E8       f_SSL_renegotiate
 0002:000017EC       f_SSL_renegotiate_pending
 0002:00001848       f_SSL_session_free
 0002:00001964       f_SSL_SESSION_get_id
 0002:00001854       f_SSL_SESSION_get_time
 0002:0000185C       f_SSL_SESSION_get_timeout
 0001:000967C8       f_SSL_session_reused
 0002:00001858       f_SSL_SESSION_set_time
 0002:00001860       f_SSL_SESSION_set_timeout
 0002:000018C4       f_SSL_set_accept_state
 0002:00001830       f_SSL_set_bio
 0002:000018C0       f_SSL_set_connect_state
 0002:000018A0       f_SSL_set_ex_data
 0002:0000197C       f_SSL_set_fd
 0002:000018BC       f_SSL_set_info_callback
 0001:00096794       f_SSL_set_options
 0002:00001980       f_SSL_set_rfd
 0002:00001834       f_SSL_set_session
 0002:00001870       f_SSL_set_session_id_context
 0002:000018C8       f_SSL_set_shutdown
 0002:00001920       f_SSL_set_verify
 0002:000018B8       f_SSL_set_verify_result
 0002:00001984       f_SSL_set_wfd
 0002:00001894       f_SSL_shutdown
 0002:000018D8       f_SSL_state
 0002:000018DC       f_SSL_state_string_long
 0002:000018D0       f_SSL_version
 0002:00001884       f_SSL_want
 0002:00001888       f_SSL_write
 0002:00001820       f_TLSv1_client_method
 0002:0000181C       f_TLSv1_method
 0002:00001824       f_TLSv1_server_method
 0002:00001B44       f_X509V3_conf_free
 0002:00001B40       f_X509V3_EXT_d2i
 0002:00001B38       f_X509V3_EXT_get
 0002:00001B3C       f_X509V3_EXT_print
 0002:00001A88       f_X509_check_ca
 0002:00001AFC       f_X509_check_issued
 0002:00001B60       f_X509_check_private_key
 0002:00001C80       f_X509_check_purpose
 0002:00001C58       f_X509_CRL_dup
 0002:00001B34       f_X509_CRL_free
 0002:00001B5C       f_X509_digest
 0002:00001A84       f_X509_dup
 0002:00001B50       f_X509_EXTENSION_get_critical
 0002:00001B4C       f_X509_EXTENSION_get_data
 0002:00001B48       f_X509_EXTENSION_get_object
 0002:00001B30       f_X509_free
 0002:00001B28       f_X509_get_ext
 0002:00001B2C       f_X509_get_ext_count
 0002:00001B08       f_X509_get_issuer_name
 0002:00001C78       f_X509_get_pubkey
 0002:00001B10       f_X509_get_serialNumber
 0002:00001B0C       f_X509_get_subject_name
 0002:00001C34       f_X509_gmtime_adj
 0002:00001C54       f_X509_INFO_free
 0002:00001ADC       f_X509_load_crl_file
 0002:00001AF4       f_X509_LOOKUP_by_fingerprint
 0002:00001AF0       f_X509_LOOKUP_by_issuer_serial
 0002:00001AF8       f_X509_LOOKUP_ctrl
 0002:00001AE0       f_X509_LOOKUP_file
 0002:00001AEC       f_X509_LOOKUP_free
 0002:00001AE4       f_X509_LOOKUP_hash_dir
 0002:00001AE8       f_X509_LOOKUP_new
 0002:00001C44       f_X509_NAME_add_entry_by_NID
 0002:00001C40       f_X509_NAME_add_entry_by_txt
 0002:00001B24       f_X509_NAME_cmp
 0002:00001C08       f_X509_NAME_entry_count
 0002:00001C0C       f_X509_NAME_ENTRY_get_data
 0002:00001C00       f_X509_NAME_ENTRY_get_object
 0002:00001B20       f_X509_NAME_free
 0002:00001C04       f_X509_NAME_get_entry
 0002:00001B1C       f_X509_NAME_get_index_by_NID
 0002:00001B18       f_X509_NAME_get_text_by_NID
 0002:00001C48       f_X509_NAME_new
 0002:00001B14       f_X509_NAME_oneline
 0002:00001C3C       f_X509_new
 0002:00001C5C       f_X509_PKEY_free
 0002:00001B58       f_X509_print
 0002:00001C7C       f_X509_PUBKEY_free
 0002:00001C88       f_X509_PURPOSE_get0
 0002:00001C8C       f_X509_PURPOSE_get0_name
 0002:00001C90       f_X509_PURPOSE_get0_sname
 0002:00001C94       f_X509_PURPOSE_get_count
 0002:00001C84       f_X509_PURPOSE_get_id
 0002:00001C4C       f_X509_set_issuer_name
 0002:00001C38       f_X509_set_pubkey
 0002:00001C10       f_X509_set_version
 0002:00001C50       f_X509_sign
 0002:00001A94       f_X509_STORE_add_cert
 0002:00001A98       f_X509_STORE_add_crl
 0002:00001A9C       f_X509_STORE_add_lookup
 0002:00001AB0       f_X509_STORE_CTX_cleanup
 0002:00001AA8       f_X509_STORE_CTX_free
 0002:00001AC8       f_X509_STORE_CTX_get_chain
 0002:00001AB8       f_X509_STORE_CTX_get_current_cert
 0002:00001ABC       f_X509_STORE_CTX_get_error
 0002:00001AC4       f_X509_STORE_CTX_get_error_depth
 0002:00001AB4       f_X509_STORE_CTX_get_ex_data
 0002:00001AAC       f_X509_STORE_CTX_init
 0002:00001AA4       f_X509_STORE_CTX_new
 0002:00001AC0       f_X509_STORE_CTX_set_error
 0002:00001AD8       f_X509_STORE_CTX_set_ex_data
 0002:00001AD0       f_X509_STORE_CTX_set_purpose
 0002:00001AD4       f_X509_STORE_CTX_set_verify_cb
 0002:00001ACC       f_X509_STORE_CTX_trusted_stack
 0002:00001A90       f_X509_STORE_free
 0002:00001A8C       f_X509_STORE_new
 0002:00001AA0       f_X509_STORE_set_flags
 0002:00001B54       f_X509_subject_name_hash
 0002:00001B00       f_X509_verify_cert
 0002:00001B04       f_X509_verify_cert_error_string
 0002:000042FC       GClassCritSect
 0002:00003FA8       GCritSecClockPool
 0001:000287CC       GDICheck
 0001:00028724       GDIError
 0001:00001BA8       Get8087CW
[...]
    80 0001:000BE62C    81 0001:000BE63D    83 0001:000BE654    84 0001:000BE68C
    86 0001:000BE696    88 0001:000BE6A3    90 0001:000BE6D8    90 0001:000BE6DF

Line numbers for Property1(Property1.pas) segment .text

    55 0001:000BE9FC    56 0001:000BE9FF    58 0001:000BEA0C    59 0001:000BEA1F
    60 0001:000BEA57    61 0001:000BEA64    69 0001:000BEA68    71 0001:000BEA70
    72 0001:000BEA7E    74 0001:000BEA82    75 0001:000BEA89    76 0001:000BEAA6
    77 0001:000BEAC8    78 0001:000BEAD8    81 0001:000BEAE5    88 0001:000BEAF4
    89 0001:000BEB14    90 0001:000BEB1B    91 0001:000BEB40    92 0001:000BEB4D
    94 0001:000BEB60    95 0001:000BEB82    96 0001:000BEBB7    97 0001:000BEBDE
    98 0001:000BEC05    99 0001:000BEC3A   100 0001:000BEC5E   101 0001:000BEC6E
   102 0001:000BEC7C   103 0001:000BEC8A   104 0001:000BEC95   105 0001:000BECCB
   106 0001:000BECDA   107 0001:000BED02   109 0001:000BED12   110 0001:000BED1E
   112 0001:000BED3A   113 0001:000BED56   114 0001:000BED8B   118 0001:000BEDC0
   119 0001:000BEDCE   121 0001:000BEDFE   122 0001:000BEE73   124 0001:000BEF10
   124 0001:000BEF17

Line numbers for opengroup1(opengroup1.pas) segment .text

    34 0001:000BF104    35 0001:000BF10A    36 0001:000BF117    37 0001:000BF124
    39 0001:000BF15C    39 0001:000BF163

Line numbers for LoadConf1(LoadConf1.pas) segment .text

    30 0001:000BF334    31 0001:000BF34D    32 0001:000BF394    34 0001:000BF3C2
    36 0001:000BF3F8    36 0001:000BF3FF

Line numbers for programmgr1(programmgr1.pas) segment .text

   181 0001:000BFAF8   182 0001:000BFAFF   183 0001:000BFB0A   184 0001:000BFB0D
   185 0001:000BFB1B   191 0001:000BFB20   193 0001:000BFB21   195 0001:000BFB2B
   197 0001:000BFB32   198 0001:000BFB3C   200 0001:000BFB4A   209 0001:000BFB4C
   210 0001:000BFB72   211 0001:000BFB79   212 0001:000BFB92   214 0001:000BFB9C
   216 0001:000BFBB4   217 0001:000BFBEE   218 0001:000BFBF5   212 0001:000BFBF6
   219 0001:000BFBF9   220 0001:000BFC36   234 0001:000BFC40   237 0001:000BFC65
   239 0001:000BFC6E   240 0001:000BFC7D   241 0001:000BFC89   242 0001:000BFC90
   244 0001:000BFC9D   245 0001:000BFCAB   246 0001:000BFCB7   247 0001:000BFCC5
   248 0001:000BFD2C   249 0001:000BFD33   251 0001:000BFD3A   252 0001:000BFD49
   253 0001:000BFD55   257 0001:000BFD5C   258 0001:000BFD68   261 0001:000BFD74
   262 0001:000BFD7F   266 0001:000BFD8F   267 0001:000BFDA0   268 0001:000BFDAE
   270 0001:000BFDC2   271 0001:000BFDF4   272 0001:000BFE24   277 0001:000BFE2D
   278 0001:000BFE60   289 0001:000BFEDC   291 0001:000BFF32   293 0001:000BFF39
   294 0001:000BFF51   295 0001:000BFF61   297 0001:000BFF6A   298 0001:000BFF79
   300 0001:000BFF82   301 0001:000BFF94   303 0001:000BFF98   304 0001:000BFFA1
   305 0001:000BFFA7   307 0001:000BFFAD   311 0001:000BFFC0   313 0001:000BFFF4
   314 0001:000C0008   316 0001:000C001E   317 0001:000C0032   318 0001:000C0048
   319 0001:000C005C   321 0001:000C0072   322 0001:000C0086   324 0001:000C009C
   325 0001:000C00B0   327 0001:000C00C3   328 0001:000C00F7   330 0001:000C0106
   333 0001:000C0111   334 0001:000C0123   335 0001:000C0137   337 0001:000C0149
   339 0001:000C017A   340 0001:000C01E7   343 0001:000C01F9   344 0001:000C0206
   346 0001:000C0219   347 0001:000C023B   349 0001:000C024C   350 0001:000C0258
   351 0001:000C0270   352 0001:000C02B3   358 0001:000C0340   361 0001:000C035D
   362 0001:000C036A   363 0001:000C0371   364 0001:000C0392   366 0001:000C03AF
   367 0001:000C03B6   368 0001:000C03C6   369 0001:000C03D6   370 0001:000C03EE
   371 0001:000C0425   378 0001:000C04C4   380 0001:000C04F3   381 0001:000C0500
   382 0001:000C050B   383 0001:000C051B   384 0001:000C0520   385 0001:000C052E
   386 0001:000C053F   387 0001:000C0556   388 0001:000C0567   389 0001:000C057C
   391 0001:000C0598   392 0001:000C05E4   393 0001:000C0611   389 0001:000C0612
   395 0001:000C0615   397 0001:000C061B   398 0001:000C0629   400 0001:000C0643
   401 0001:000C0663   402 0001:000C0679   404 0001:000C0681   405 0001:000C0691
   406 0001:000C069F   407 0001:000C06DC   408 0001:000C071A   409 0001:000C0758
   410 0001:000C0796   411 0001:000C07D4   413 0001:000C0827   414 0001:000C082C
   415 0001:000C083E   417 0001:000C084C   420 0001:000C085F   423 0001:000C0877
   424 0001:000C089A   426 0001:000C089E   427 0001:000C08A6   428 0001:000C08AC
   430 0001:000C08B4   431 0001:000C08BC   432 0001:000C08D2   433 0001:000C08E3
   434 0001:000C08F8   435 0001:000C090A   436 0001:000C0966   437 0001:000C0987
   438 0001:000C09A3   439 0001:000C09BD   441 0001:000C09CE   442 0001:000C09D6
   443 0001:000C0A13   453 0001:000C0A58   454 0001:000C0A94   455 0001:000C0AA3
   456 0001:000C0AAE   457 0001:000C0ABC   458 0001:000C0AF3   459 0001:000C0B31
   460 0001:000C0B3E   461 0001:000C0B75   463 0001:000C0B8B   464 0001:000C0BC2
   465 0001:000C0BD8   466 0001:000C0C12   467 0001:000C0C1B   468 0001:000C0C53
   469 0001:000C0C8B   470 0001:000C0CC4   471 0001:000C0CE2   472 0001:000C0D20
   473 0001:000C0D29   474 0001:000C0D67   475 0001:000C0D70   477 0001:000C0DB6
   478 0001:000C0DBB   479 0001:000C0DC9   480 0001:000C0DD7   482 0001:000C0DE1
   484 0001:000C0DE9   485 0001:000C0E1A   486 0001:000C0E4B   487 0001:000C0E7C
   488 0001:000C0EB1   489 0001:000C0EE2   490 0001:000C0F13   491 0001:000C0F44
   492 0001:000C0F75   494 0001:000C0F81   495 0001:000C0F8E   496 0001:000C0F99
   497 0001:000C0FA7   498 0001:000C0FB5   499 0001:000C0FC0   501 0001:000C0FE2
   502 0001:000C1014   503 0001:000C1045   504 0001:000C1076   506 0001:000C1087
   482 0001:000C1090   509 0001:000C10A7   510 0001:000C10AC   512 0001:000C10B4
   513 0001:000C10C2   514 0001:000C10CE   517 0001:000C10DC   519 0001:000C10EC
   520 0001:000C1139   522 0001:000C11C1   523 0001:000C11CD   525 0001:000C1216
   526 0001:000C125B   528 0001:000C1262   529 0001:000C1493   534 0001:000C169C
   535 0001:000C16C9   536 0001:000C16E7   538 0001:000C16FA   540 0001:000C1725
   542 0001:000C174E   543 0001:000C1787   541 0001:000C17E6   546 0001:000C17F1
   549 0001:000C17FD   550 0001:000C182C   563 0001:000C1860   564 0001:000C1895
   566 0001:000C189B   567 0001:000C189E   569 0001:000C18A3   570 0001:000C18B2
   571 0001:000C18D0   573 0001:000C18ED   574 0001:000C18FD   575 0001:000C190A
   576 0001:000C1925   577 0001:000C195E   578 0001:000C1983   579 0001:000C19C2
   580 0001:000C19E4   582 0001:000C1A23   584 0001:000C1A2E   586 0001:000C1A37
   589 0001:000C1A43   590 0001:000C1A57   593 0001:000C1A60   594 0001:000C1A6C
   595 0001:000C1A75   596 0001:000C1A86   597 0001:000C1A97   598 0001:000C1A9D
   599 0001:000C1AA3   600 0001:000C1AAF   601 0001:000C1AE0   603 0001:000C1B04
   604 0001:000C1B28   605 0001:000C1B5F   606 0001:000C1B98   607 0001:000C1BD5
   608 0001:000C1C0E   609 0001:000C1C32   610 0001:000C1C3C   611 0001:000C1C4D
   613 0001:000C1C5C   614 0001:000C1C6A   615 0001:000C1C76   616 0001:000C1CAE
   617 0001:000C1CE6   618 0001:000C1D1E   619 0001:000C1D56   620 0001:000C1D8E
   621 0001:000C1DDD   622 0001:000C1E15   623 0001:000C1E4D   624 0001:000C1E9C
   625 0001:000C1ED4   626 0001:000C1F1D   627 0001:000C1F27   611 0001:000C1F28
   629 0001:000C1F31   630 0001:000C1F3F   631 0001:000C1F6A   632 0001:000C1F8C
   634 0001:000C1FAA   635 0001:000C1FE9   633 0001:000C2054   636 0001:000C205D
   637 0001:000C206C   639 0001:000C2090   641 0001:000C209E   642 0001:000C20AC
   643 0001:000C20B8   646 0001:000C20C6   648 0001:000C20D3   649 0001:000C2113
   651 0001:000C218C   652 0001:000C2198   654 0001:000C21D8   655 0001:000C2214
   657 0001:000C221B   658 0001:000C2222   659 0001:000C222A   661 0001:000C248F
   668 0001:000C26F4   669 0001:000C2712   671 0001:000C271B   674 0001:000C2727
   675 0001:000C2738   677 0001:000C2741   678 0001:000C274A   679 0001:000C274D
   680 0001:000C275E   681 0001:000C276F   682 0001:000C2775   683 0001:000C277B
   684 0001:000C2787   685 0001:000C27B2   689 0001:000C285C   693 0001:000C2864
   694 0001:000C2882   696 0001:000C288F   697 0001:000C289B   698 0001:000C28B9
   699 0001:000C28D5   700 0001:000C28ED   701 0001:000C2912   703 0001:000C2928
   705 0001:000C2941   708 0001:000C2985   710 0001:000C29A2   711 0001:000C29D1
   712 0001:000C29EE   716 0001:000C2A45   720 0001:000C2A56   722 0001:000C2A70
   723 0001:000C2A7B   724 0001:000C2A86   725 0001:000C2A91   726 0001:000C2ACB
   730 0001:000C2B20   731 0001:000C2B2A   732 0001:000C2B37   740 0001:000C2B38
   741 0001:000C2B9A   742 0001:000C2BAA   743 0001:000C2BBD   744 0001:000C2BE0
   745 0001:000C2BFC   746 0001:000C2C1B   747 0001:000C2C31   748 0001:000C2C47
   749 0001:000C2C57   750 0001:000C2C70   751 0001:000C2C86   752 0001:000C2C94
   754 0001:000C2CB7   755 0001:000C2CBC   756 0001:000C2CC4   759 0001:000C2CCF
   760 0001:000C2CDF   761 0001:000C2CED   762 0001:000C2CF8   763 0001:000C2D1D
   764 0001:000C2D2C   765 0001:000C2D54   767 0001:000C2D64   768 0001:000C2D70
   770 0001:000C2D8C   772 0001:000C2D9F   773 0001:000C2DBB   774 0001:000C2DEC
   775 0001:000C2E19   777 0001:000C2E4A   778 0001:000C2E60   781 0001:000C2E76
   782 0001:000C2E84   784 0001:000C2EA6   788 0001:000C2F0B   796 0001:000C2FA4
   797 0001:000C2FE4   798 0001:000C2FEF   799 0001:000C2FFF   800 0001:000C3028
   802 0001:000C302C   803 0001:000C303F   804 0001:000C307B   800 0001:000C3086
   806 0001:000C308A   807 0001:000C30EA   831 0001:000C30FC   832 0001:000C311E
   833 0001:000C3127   834 0001:000C3136   842 0001:000C3143   843 0001:000C3156
   845 0001:000C3162   846 0001:000C3170   848 0001:000C3175   849 0001:000C317C
   851 0001:000C31AA   852 0001:000C31B1   855 0001:000C31BA   856 0001:000C31C1
   859 0001:000C31CA   860 0001:000C31D1   863 0001:000C31DA   864 0001:000C31E1
   867 0001:000C31E8   868 0001:000C31EF   871 0001:000C31F6   872 0001:000C3224
   874 0001:000C3230   875 0001:000C323A   878 0001:000C3240   879 0001:000C324A
   882 0001:000C3250   883 0001:000C325A   886 0001:000C3260   887 0001:000C326A
   890 0001:000C326E   891 0001:000C3279   892 0001:000C3287   893 0001:000C3292
   894 0001:000C32B6   896 0001:000C32C7   897 0001:000C32D6   898 0001:000C32E7
   900 0001:000C3304   901 0001:000C3317   902 0001:000C3338   903 0001:000C334F
   904 0001:000C3363   905 0001:000C33BA   906 0001:000C33E4   907 0001:000C33F8
   908 0001:000C341A   909 0001:000C3447   910 0001:000C345B   912 0001:000C3494
   913 0001:000C34A4   916 0001:000C34C7   917 0001:000C352C   918 0001:000C353A
   922 0001:000C355B   923 0001:000C35C0   924 0001:000C35CE   927 0001:000C35EF
   929 0001:000C35F5   931 0001:000C364B   934 0001:000C366B   936 0001:000C368D
   937 0001:000C369F   942 0001:000C36C4   943 0001:000C36CD   898 0001:000C36D0
   944 0001:000C36D9   945 0001:000C36E2   946 0001:000C36ED   947 0001:000C36F5
   948 0001:000C37D2   955 0001:000C380C   956 0001:000C382F   957 0001:000C384B
   959 0001:000C386A   960 0001:000C3875   962 0001:000C387D   963 0001:000C3888
   965 0001:000C3890   966 0001:000C38B6   970 0001:000C38C0   971 0001:000C38C5
   978 0001:000C38C8   980 0001:000C38CB   982 0001:000C38D2   983 0001:000C38DC
   984 0001:000C38E9   999 0001:000C38EC  1006 0001:000C3914  1007 0001:000C3959
  1013 0001:000C3964  1014 0001:000C3967  1015 0001:000C3972  1017 0001:000C3976
  1018 0001:000C3983  1019 0001:000C399C  1020 0001:000C39A9  1023 0001:000C39B8
  1024 0001:000C39C5  1025 0001:000C39D2  1026 0001:000C39DF  1028 0001:000C39EC
  1035 0001:000C39F0  1036 0001:000C3A14  1038 0001:000C3A1A  1041 0001:000C3A2C
  1042 0001:000C3A50  1044 0001:000C3AAB  1046 0001:000C3ABE  1047 0001:000C3AD9
  1048 0001:000C3AE6  1044 0001:000C3AE7  1051 0001:000C3AEC  1052 0001:000C3B1D
  1059 0001:000C3B34  1060 0001:000C3B59  1061 0001:000C3B66  1063 0001:000C3B6E
  1064 0001:000C3BB8  1065 0001:000C3BE0  1069 0001:000C3C08  1070 0001:000C3C18
  1071 0001:000C3C26  1072 0001:000C3C31  1074 0001:000C3C44  1076 0001:000C3C54
  1078 0001:000C3C79  1079 0001:000C3CAE  1082 0001:000C3CDB  1083 0001:000C3CFA
  1087 0001:000C3D19  1088 0001:000C3D52  1089 0001:000C3D89  1091 0001:000C3E08
  1099 0001:000C3EC8  1100 0001:000C3F15  1102 0001:000C3F22  1104 0001:000C3F2A
  1105 0001:000C3F3C  1106 0001:000C3F53  1107 0001:000C3F62  1108 0001:000C3F6D
  1109 0001:000C3FA1  1111 0001:000C3FC9  1112 0001:000C3FD9  1113 0001:000C3FE9
  1114 0001:000C4007  1115 0001:000C4017  1116 0001:000C4027  1117 0001:000C4037
  1118 0001:000C4047  1119 0001:000C4057  1121 0001:000C4068  1123 0001:000C4085
  1124 0001:000C4092  1127 0001:000C40B4  1128 0001:000C40CF  1129 0001:000C40DF
  1130 0001:000C40EA  1131 0001:000C4105  1132 0001:000C4120  1135 0001:000C413B
  1136 0001:000C4152  1139 0001:000C41A6  1150 0001:000C41B0  1151 0001:000C41D0
  1154 0001:000C41DC  1155 0001:000C41EB  1156 0001:000C4207  1158 0001:000C420F
  1159 0001:000C4240  1160 0001:000C424D  1161 0001:000C426A  1162 0001:000C4285
  1164 0001:000C4291  1165 0001:000C42B5  1166 0001:000C42CE  1167 0001:000C42DD
  1169 0001:000C42FD  1172 0001:000C432C  1175 0001:000C4370  1177 0001:000C4373
  1178 0001:000C4387  1180 0001:000C439B  1181 0001:000C43A8  1183 0001:000C43B7
  1184 0001:000C43CA  1185 0001:000C43DD  1186 0001:000C43F6  1187 0001:000C4405
  1190 0001:000C440C  1192 0001:000C4419  1195 0001:000C4428  1196 0001:000C4449
  1197 0001:000C4450  1198 0001:000C4464  1199 0001:000C4471  1201 0001:000C4480
  1202 0001:000C44A9  1204 0001:000C44B0  1205 0001:000C44E8  1215 0001:000C44F0
  1217 0001:000C4512  1220 0001:000C4518  1221 0001:000C4540  1222 0001:000C4568
  1223 0001:000C4590  1224 0001:000C45A7  1225 0001:000C45BE  1227 0001:000C45D5
  1230 0001:000C461C  1231 0001:000C4630  1234 0001:000C467A  1235 0001:000C468E
  1236 0001:000C46BB  1237 0001:000C46EB  1238 0001:000C46FC  1239 0001:000C4731
  1240 0001:000C4766  1241 0001:000C479B  1242 0001:000C47D0  1243 0001:000C4805
  1244 0001:000C483A  1245 0001:000C486F  1246 0001:000C489F  1247 0001:000C48CC
  1248 0001:000C48F9  1249 0001:000C4926  1250 0001:000C4953  1251 0001:000C497B
  1253 0001:000C49A3  1254 0001:000C49CB  1255 0001:000C49F3  1256 0001:000C4A1B
  1257 0001:000C4A43  1258 0001:000C4A6B  1259 0001:000C4A93  1260 0001:000C4ABB
  1262 0001:000C4AE3  1263 0001:000C4B20  1266 0001:000C4B77  1267 0001:000C4BC6
  1268 0001:000C4C15  1269 0001:000C4C64  1270 0001:000C4CB3  1271 0001:000C4CFC
  1273 0001:000C4D14  1275 0001:000C4D2C  1276 0001:000C4D6F  1277 0001:000C4DBE
  1278 0001:000C4E0D  1279 0001:000C4E5C  1280 0001:000C4EAB  1281 0001:000C4EC3
  1282 0001:000C4F12  1283 0001:000C4F5B  1286 0001:000C4FA4  1287 0001:000C4FD2
  1288 0001:000C5021  1289 0001:000C5070  1291 0001:000C50BF  1292 0001:000C50EA
  1293 0001:000C5102  1294 0001:000C5151  1295 0001:000C519A  1296 0001:000C51E9
  1298 0001:000C5238  1299 0001:000C5250  1300 0001:000C529F  1301 0001:000C52EE
  1303 0001:000C5306  1304 0001:000C5349  1305 0001:000C5398  1307 0001:000C55F9
  1312 0001:000C5F74  1313 0001:000C5F9D  1314 0001:000C5FA5  1315 0001:000C5FB3
  1316 0001:000C5FD8  1345 0001:000C604A  1348 0001:000C607A  1351 0001:000C6084
  1352 0001:000C6087  1353 0001:000C60A1  1354 0001:000C60BB  1357 0001:000C60C0
  1359 0001:000C60DD  1360 0001:000C60F5  1361 0001:000C6108  1362 0001:000C6122
  1363 0001:000C615D  1364 0001:000C6167  1366 0001:000C619E  1370 0001:000C61B0
  1371 0001:000C61D0  1372 0001:000C61FB  1376 0001:000C6204  1377 0001:000C6207
  1378 0001:000C6212  1382 0001:000C6218  1384 0001:000C623A  1385 0001:000C6246
  1386 0001:000C625F  1387 0001:000C6276  1388 0001:000C6289  1389 0001:000C62A9
  1391 0001:000C62BA  1393 0001:000C62CE  1396 0001:000C6308  1398 0001:000C6320
  1399 0001:000C6344  1400 0001:000C6356  1404 0001:000C63AD  1406 0001:000C63BC
  1407 0001:000C63C4  1408 0001:000C6400  1411 0001:000C6458  1412 0001:000C64A2
  1415 0001:000C64A6  1416 0001:000C64B0  1418 0001:000C64D0  1420 0001:000C64FA
  1421 0001:000C650A  1422 0001:000C651C  1423 0001:000C6521  1424 0001:000C6532
  1427 0001:000C657E  1430 0001:000C6598  1433 0001:000C659E  1436 0001:000C65CE
  1437 0001:000C65E9  1439 0001:000C6608  1442 0001:000C6628  1445 0001:000C664A
  1446 0001:000C6656  1447 0001:000C666F  1448 0001:000C6686  1449 0001:000C66A6
  1450 0001:000C66BC  1452 0001:000C66D2  1453 0001:000C66E8  1454 0001:000C66FE
  1455 0001:000C6714  1458 0001:000C6725  1460 0001:000C673D  1461 0001:000C6753
  1462 0001:000C6775  1464 0001:000C677C  1466 0001:000C6792  1467 0001:000C67A8
  1468 0001:000C67BE  1469 0001:000C67D4  1471 0001:000C67DF  1472 0001:000C6800
  1473 0001:000C681E  1474 0001:000C6831  1475 0001:000C683F  1478 0001:000C684C
  1480 0001:000C6860  1483 0001:000C68B7  1484 0001:000C68C6  1486 0001:000C68F2
  1492 0001:000C694C  1493 0001:000C6952  1497 0001:000C696A  1500 0001:000C696F
  1506 0001:000C6974  1507 0001:000C69A5  1509 0001:000C69B6  1510 0001:000C69F9
  1511 0001:000C6A09  1512 0001:000C6A10  1507 0001:000C6A11  1513 0001:000C6A55
  1519 0001:000C6A5C  1520 0001:000C6A70  1524 0001:000C6A79  1525 0001:000C6A7C
  1526 0001:000C6A7F  1527 0001:000C6A8F  1528 0001:000C6AA1  1529 0001:000C6AAA
  1531 0001:000C6AB2  1532 0001:000C6AC7  1533 0001:000C6AE9  1534 0001:000C6B0C
  1535 0001:000C6B2A  1536 0001:000C6B31  1529 0001:000C6B34  1538 0001:000C6B3C
  1541 0001:000C6B43  1546 0001:000C6B50  1547 0001:000C6B53  1548 0001:000C6B5F
  1560 0001:000C6B64  1561 0001:000C6B99  1562 0001:000C6BA9  1563 0001:000C6BB8
  1567 0001:000C6BC7  1568 0001:000C6BDC  1570 0001:000C6BEE  1571 0001:000C6C02
  1572 0001:000C6C16  1573 0001:000C6C45  1575 0001:000C6C4D  1576 0001:000C6C60
  1578 0001:000C6C68  1579 0001:000C6C72  1580 0001:000C6C9A  1582 0001:000C6CBB
  1583 0001:000C6CC9  1585 0001:000C6D09  1587 0001:000C6D10  1588 0001:000C6D2A
  1589 0001:000C6D5B  1590 0001:000C6D81  1592 0001:000C6DA1  1573 0001:000C6DAC
  1594 0001:000C6DB4  1595 0001:000C6DC4  1598 0001:000C6DE5  1603 0001:000C6E07
  1604 0001:000C6E2D  1607 0001:000C6E3D  1608 0001:000C6E62  1610 0001:000C6E9A
  1612 0001:000C6F10  1615 0001:000C6F4E  1617 0001:000C6F5E  1618 0001:000C6F66
  1620 0001:000C7017  1625 0001:000C7088  1627 0001:000C708E  1628 0001:000C709E
  1631 0001:000C70C5  1633 0001:000C70CA  1641 0001:000C70D0  1643 0001:000C70D8
  1645 0001:000C70F0  1647 0001:000C70F4  1648 0001:000C70FB  1649 0001:000C7118
  1650 0001:000C713A  1651 0001:000C714A  1654 0001:000C7157  1661 0001:000C7168
  1664 0001:000C718E  1665 0001:000C7196  1667 0001:000C71A6  1668 0001:000C71B4
  1670 0001:000C71DF  1672 0001:000C71E1  1673 0001:000C720E  1674 0001:000C725D
  1675 0001:000C72BA  1670 0001:000C72BB  1676 0001:000C72C4  1677 0001:000C72CE
  1678 0001:000C72D9  1680 0001:000C72E2  1681 0001:000C72F2  1682 0001:000C72FC
  1686 0001:000C7326  1691 0001:000C733C  1692 0001:000C7349  1694 0001:000C737C
  1694 0001:000C7383

Line numbers for ProgramGrpMgr(C:\Users\Bernard\Delphi\sdtp\Progman\ProgramGrpMgr.dpr) segment .text

    22 0001:000C778C    23 0001:000C77A3    24 0001:000C77AA    25 0001:000C77BD
    26 0001:000C77D0    27 0001:000C77E3    28 0001:000C77F6    29 0001:000C7809
    30 0001:000C781C    31 0001:000C782F    32 0001:000C7842    33 0001:000C7855
    34 0001:000C785C

Bound resource files

c:\program files (x86)\borland\delphi7\Lib\Buttons.res
c:\program files (x86)\borland\delphi7\Lib\ExtDlgs.res
c:\program files (x86)\borland\delphi7\Lib\Controls.res
c:\program files (x86)\borland\delphi7\Lib\DBLogDlg.dfm
c:\program files (x86)\borland\delphi7\Lib\DBPWDlg.dfm
c:\program files (x86)\borland\delphi7\Lib\DBCtrls.res
c:\users\bernard\delphi\bbcomponents\Alert.DFM
save1.dfm
c:\users\bernard\delphi\bbcomponents\about.DFM
c:\users\bernard\delphi\bbcomponents\ChkNewVer.dfm
prefs1.dfm
Property1.dfm
opengroup1.dfm
LoadConf1.dfm
programmgr1.dfm
Win7UAC.res
ProgramGrpMgr.res
ProgramGrpMgr.drf


Program entry point at 0001:000C778C
